Archive member included to satisfy reference by file (symbol)

/usr/lib/gcc/arm-none-eabi/9.2.1/thumb/v6-m/nofp/libgcc.a(_dvmd_tls.o)
                              CMakeFiles/dino.dir/home/dino/projects/pico/pico-sdk/src/rp2_common/pico_divider/divider.S.obj (__aeabi_idiv0)
/usr/lib/gcc/arm-none-eabi/9.2.1/../../../arm-none-eabi/lib/thumb/v6-m/nofp/libg.a(lib_a-atexit.o)
                              /usr/lib/gcc/arm-none-eabi/9.2.1/../../../arm-none-eabi/lib/thumb/v6-m/nofp/crt0.o (atexit)
/usr/lib/gcc/arm-none-eabi/9.2.1/../../../arm-none-eabi/lib/thumb/v6-m/nofp/libg.a(lib_a-calloc.o)
                              CMakeFiles/dino.dir/home/dino/projects/pico/pico-sdk/src/rp2_common/pico_malloc/pico_malloc.c.obj (calloc)
/usr/lib/gcc/arm-none-eabi/9.2.1/../../../arm-none-eabi/lib/thumb/v6-m/nofp/libg.a(lib_a-callocr.o)
                              /usr/lib/gcc/arm-none-eabi/9.2.1/../../../arm-none-eabi/lib/thumb/v6-m/nofp/libg.a(lib_a-calloc.o) (_calloc_r)
/usr/lib/gcc/arm-none-eabi/9.2.1/../../../arm-none-eabi/lib/thumb/v6-m/nofp/libg.a(lib_a-fini.o)
                              /usr/lib/gcc/arm-none-eabi/9.2.1/../../../arm-none-eabi/lib/thumb/v6-m/nofp/crt0.o (__libc_fini_array)
/usr/lib/gcc/arm-none-eabi/9.2.1/../../../arm-none-eabi/lib/thumb/v6-m/nofp/libg.a(lib_a-impure.o)
                              /usr/lib/gcc/arm-none-eabi/9.2.1/../../../arm-none-eabi/lib/thumb/v6-m/nofp/libg.a(lib_a-calloc.o) (_impure_ptr)
/usr/lib/gcc/arm-none-eabi/9.2.1/../../../arm-none-eabi/lib/thumb/v6-m/nofp/libg.a(lib_a-init.o)
                              /usr/lib/gcc/arm-none-eabi/9.2.1/../../../arm-none-eabi/lib/thumb/v6-m/nofp/crt0.o (__libc_init_array)
/usr/lib/gcc/arm-none-eabi/9.2.1/../../../arm-none-eabi/lib/thumb/v6-m/nofp/libg.a(lib_a-malloc.o)
                              CMakeFiles/dino.dir/home/dino/projects/pico/pico-sdk/src/rp2_common/pico_malloc/pico_malloc.c.obj (malloc)
/usr/lib/gcc/arm-none-eabi/9.2.1/../../../arm-none-eabi/lib/thumb/v6-m/nofp/libg.a(lib_a-mallocr.o)
                              /usr/lib/gcc/arm-none-eabi/9.2.1/../../../arm-none-eabi/lib/thumb/v6-m/nofp/libg.a(lib_a-callocr.o) (_malloc_r)
/usr/lib/gcc/arm-none-eabi/9.2.1/../../../arm-none-eabi/lib/thumb/v6-m/nofp/libg.a(lib_a-mlock.o)
                              /usr/lib/gcc/arm-none-eabi/9.2.1/../../../arm-none-eabi/lib/thumb/v6-m/nofp/libg.a(lib_a-mallocr.o) (__malloc_lock)
/usr/lib/gcc/arm-none-eabi/9.2.1/../../../arm-none-eabi/lib/thumb/v6-m/nofp/libg.a(lib_a-realloc.o)
                              CMakeFiles/dino.dir/home/dino/projects/pico/pico-sdk/src/rp2_common/pico_malloc/pico_malloc.c.obj (realloc)
/usr/lib/gcc/arm-none-eabi/9.2.1/../../../arm-none-eabi/lib/thumb/v6-m/nofp/libg.a(lib_a-reallocr.o)
                              /usr/lib/gcc/arm-none-eabi/9.2.1/../../../arm-none-eabi/lib/thumb/v6-m/nofp/libg.a(lib_a-realloc.o) (_realloc_r)
/usr/lib/gcc/arm-none-eabi/9.2.1/../../../arm-none-eabi/lib/thumb/v6-m/nofp/libg.a(lib_a-sbrkr.o)
                              /usr/lib/gcc/arm-none-eabi/9.2.1/../../../arm-none-eabi/lib/thumb/v6-m/nofp/libg.a(lib_a-mallocr.o) (_sbrk_r)
/usr/lib/gcc/arm-none-eabi/9.2.1/../../../arm-none-eabi/lib/thumb/v6-m/nofp/libg.a(lib_a-strlen-stub.o)
                              CMakeFiles/dino.dir/home/dino/projects/pico/pico-sdk/src/rp2_common/pico_stdio/stdio.c.obj (strlen)
/usr/lib/gcc/arm-none-eabi/9.2.1/../../../arm-none-eabi/lib/thumb/v6-m/nofp/libg.a(lib_a-__atexit.o)
                              /usr/lib/gcc/arm-none-eabi/9.2.1/../../../arm-none-eabi/lib/thumb/v6-m/nofp/libg.a(lib_a-atexit.o) (__register_exitproc)
/usr/lib/gcc/arm-none-eabi/9.2.1/../../../arm-none-eabi/lib/thumb/v6-m/nofp/libg.a(lib_a-freer.o)
                              /usr/lib/gcc/arm-none-eabi/9.2.1/../../../arm-none-eabi/lib/thumb/v6-m/nofp/libg.a(lib_a-malloc.o) (_free_r)
/usr/lib/gcc/arm-none-eabi/9.2.1/../../../arm-none-eabi/lib/thumb/v6-m/nofp/libg.a(lib_a-memmove.o)
                              /usr/lib/gcc/arm-none-eabi/9.2.1/../../../arm-none-eabi/lib/thumb/v6-m/nofp/libg.a(lib_a-reallocr.o) (memmove)
/usr/lib/gcc/arm-none-eabi/9.2.1/../../../arm-none-eabi/lib/thumb/v6-m/nofp/libg.a(lib_a-reent.o)
                              /usr/lib/gcc/arm-none-eabi/9.2.1/../../../arm-none-eabi/lib/thumb/v6-m/nofp/libg.a(lib_a-sbrkr.o) (errno)

Allocating common symbols
Common symbol       size              file

sf_table            0x100             CMakeFiles/dino.dir/home/dino/projects/pico/pico-sdk/src/rp2_common/pico_float/float_init_rom.c.obj
errno               0x4               /usr/lib/gcc/arm-none-eabi/9.2.1/../../../arm-none-eabi/lib/thumb/v6-m/nofp/libg.a(lib_a-reent.o)
sd_table            0x100             CMakeFiles/dino.dir/home/dino/projects/pico/pico-sdk/src/rp2_common/pico_double/double_init_rom.c.obj
uart_char_to_line_feed
                    0x4               CMakeFiles/dino.dir/home/dino/projects/pico/pico-sdk/src/rp2_common/hardware_uart/uart.c.obj

Discarded input sections

[...]
Memory Configuration

Name             Origin             Length             Attributes
FLASH            0x0000000010000000 0x0000000000200000 xr
RAM              0x0000000020000000 0x0000000000040000 xrw
SCRATCH_X        0x0000000020040000 0x0000000000001000 xrw
SCRATCH_Y        0x0000000020041000 0x0000000000001000 xrw
*default*        0x0000000000000000 0xffffffffffffffff

Linker script and memory map

LOAD /usr/lib/gcc/arm-none-eabi/9.2.1/thumb/v6-m/nofp/crti.o
LOAD /usr/lib/gcc/arm-none-eabi/9.2.1/thumb/v6-m/nofp/crtbegin.o
LOAD /usr/lib/gcc/arm-none-eabi/9.2.1/../../../arm-none-eabi/lib/thumb/v6-m/nofp/crt0.o

.flash_begin    0x0000000010000000        0x0
                0x0000000010000000                __flash_binary_start = .

.boot2          0x0000000010000000      0x100
                0x0000000010000000                __boot2_start__ = .
 *(.boot2)
 .boot2         0x0000000010000000      0x100 /tmp/ccs4kDkU.o
                0x0000000010000100                __boot2_end__ = .
                0x0000000000000001                ASSERT (((__boot2_end__ - __boot2_start__) == 0x100), ERROR: Pico second stage bootloader must be 256 bytes in size)

.text           0x0000000010000100     0x4048
                0x0000000010000100                __logical_binary_start = .
 *(.vectors)
 .vectors       0x0000000010000100       0xd4 CMakeFiles/dino.dir/home/dino/projects/pico/pico-sdk/src/rp2_common/pico_standard_link/crt0.S.obj
                0x0000000010000100                __vectors
                0x0000000010000100                __VECTOR_TABLE
                0x00000000100001c0                isr_invalid
                0x00000000100001c0                __default_isrs_start
                0x00000000100001c2                isr_nmi
                0x00000000100001c4                isr_hardfault
                0x00000000100001c6                isr_svcall
                0x00000000100001c8                isr_pendsv
                0x00000000100001ca                isr_systick
                0x00000000100001cc                isr_irq30
                0x00000000100001cc                __unhandled_user_irq
                0x00000000100001cc                isr_irq13
                0x00000000100001cc                isr_irq27
                0x00000000100001cc                isr_irq31
                0x00000000100001cc                isr_irq5
                0x00000000100001cc                isr_irq11
                0x00000000100001cc                isr_irq23
                0x00000000100001cc                isr_irq18
                0x00000000100001cc                isr_irq28
                0x00000000100001cc                isr_irq19
                0x00000000100001cc                isr_irq0
                0x00000000100001cc                isr_irq6
                0x00000000100001cc                isr_irq22
                0x00000000100001cc                isr_irq17
                0x00000000100001cc                isr_irq14
                0x00000000100001cc                isr_irq2
                0x00000000100001cc                isr_irq10
                0x00000000100001cc                isr_irq8
                0x00000000100001cc                isr_irq24
                0x00000000100001cc                isr_irq1
                0x00000000100001cc                isr_irq7
                0x00000000100001cc                isr_irq21
                0x00000000100001cc                isr_irq20
                0x00000000100001cc                isr_irq15
                0x00000000100001cc                isr_irq25
                0x00000000100001cc                isr_irq4
                0x00000000100001cc                isr_irq16
                0x00000000100001cc                isr_irq29
                0x00000000100001cc                isr_irq26
                0x00000000100001cc                __default_isrs_end
                0x00000000100001cc                isr_irq3
                0x00000000100001cc                isr_irq12
                0x00000000100001cc                isr_irq9
                0x00000000100001d2                unhandled_user_irq_num_in_r0
 *(.binary_info_header)
 .binary_info_header
                0x00000000100001d4       0x14 CMakeFiles/dino.dir/home/dino/projects/pico/pico-sdk/src/rp2_common/pico_standard_link/crt0.S.obj
                0x00000000100001e8                __binary_info_header_end = .
 *(.reset)
 .reset         0x00000000100001e8       0xa8 CMakeFiles/dino.dir/home/dino/projects/pico/pico-sdk/src/rp2_common/pico_standard_link/crt0.S.obj
                0x00000000100001e8                _entry_point
                0x0000000010000266                __get_current_exception
 .reset         0x0000000010000290       0x30 CMakeFiles/dino.dir/home/dino/projects/pico/pico-sdk/src/rp2_common/pico_standard_link/binary_info.c.obj
 *(.init)
 .init          0x00000000100002c0        0x4 /usr/lib/gcc/arm-none-eabi/9.2.1/thumb/v6-m/nofp/crti.o
                0x00000000100002c0                _init
 *(EXCLUDE_FILE(*libm.a: *libc.a:*lib_a-mem*.o *libgcc.a:) .text*)
 .text          0x00000000100002c4       0x98 /usr/lib/gcc/arm-none-eabi/9.2.1/thumb/v6-m/nofp/crtbegin.o
 .text.main     0x000000001000035c       0x30 CMakeFiles/dino.dir/dino.c.obj
                0x000000001000035c                main
 .text.gpio_set_function
                0x000000001000038c       0x30 CMakeFiles/dino.dir/home/dino/projects/pico/pico-sdk/src/rp2_common/hardware_gpio/gpio.c.obj
                0x000000001000038c                gpio_set_function
 .text.gpio_init
                0x00000000100003bc       0x16 CMakeFiles/dino.dir/home/dino/projects/pico/pico-sdk/src/rp2_common/hardware_gpio/gpio.c.obj
                0x00000000100003bc                gpio_init
 *fill*         0x00000000100003d2        0x2 
 .text.hw_claim_lock
                0x00000000100003d4       0x18 CMakeFiles/dino.dir/home/dino/projects/pico/pico-sdk/src/rp2_common/hardware_claim/claim.c.obj
                0x00000000100003d4                hw_claim_lock
 .text.hw_claim_unlock
                0x00000000100003ec       0x14 CMakeFiles/dino.dir/home/dino/projects/pico/pico-sdk/src/rp2_common/hardware_claim/claim.c.obj
                0x00000000100003ec                hw_claim_unlock
 .text.hw_claim_or_assert
                0x0000000010000400       0x32 CMakeFiles/dino.dir/home/dino/projects/pico/pico-sdk/src/rp2_common/hardware_claim/claim.c.obj
                0x0000000010000400                hw_claim_or_assert
 *fill*         0x0000000010000432        0x2 
 .text.running_on_fpga
                0x0000000010000434       0x14 CMakeFiles/dino.dir/home/dino/projects/pico/pico-sdk/src/rp2_common/pico_platform/platform.c.obj
                0x0000000010000434                running_on_fpga
 .text.spin_locks_reset
                0x0000000010000448       0x20 CMakeFiles/dino.dir/home/dino/projects/pico/pico-sdk/src/rp2_common/hardware_sync/sync.c.obj
                0x0000000010000448                spin_locks_reset
 .text.next_striped_spin_lock_num
                0x0000000010000468       0x1c CMakeFiles/dino.dir/home/dino/projects/pico/pico-sdk/src/rp2_common/hardware_sync/sync.c.obj
                0x0000000010000468                next_striped_spin_lock_num
 .text.set_raw_irq_handler_and_unlock
                0x0000000010000484       0x28 CMakeFiles/dino.dir/home/dino/projects/pico/pico-sdk/src/rp2_common/hardware_irq/irq.c.obj
 .text.make_branch
                0x00000000100004ac       0x48 CMakeFiles/dino.dir/home/dino/projects/pico/pico-sdk/src/rp2_common/hardware_irq/irq.c.obj
 .text.insert_branch_and_link
                0x00000000100004f4       0x40 CMakeFiles/dino.dir/home/dino/projects/pico/pico-sdk/src/rp2_common/hardware_irq/irq.c.obj
 .text.irq_is_enabled
                0x0000000010000534       0x18 CMakeFiles/dino.dir/home/dino/projects/pico/pico-sdk/src/rp2_common/hardware_irq/irq.c.obj
                0x0000000010000534                irq_is_enabled
 .text.irq_set_mask_enabled
                0x000000001000054c       0x20 CMakeFiles/dino.dir/home/dino/projects/pico/pico-sdk/src/rp2_common/hardware_irq/irq.c.obj
                0x000000001000054c                irq_set_mask_enabled
 .text.irq_set_enabled
                0x000000001000056c        0xe CMakeFiles/dino.dir/home/dino/projects/pico/pico-sdk/src/rp2_common/hardware_irq/irq.c.obj
                0x000000001000056c                irq_set_enabled
 *fill*         0x000000001000057a        0x2 
 .text.irq_get_vtable_handler
                0x000000001000057c       0x10 CMakeFiles/dino.dir/home/dino/projects/pico/pico-sdk/src/rp2_common/hardware_irq/irq.c.obj
                0x000000001000057c                irq_get_vtable_handler
 .text.irq_set_exclusive_handler
                0x000000001000058c       0x54 CMakeFiles/dino.dir/home/dino/projects/pico/pico-sdk/src/rp2_common/hardware_irq/irq.c.obj
                0x000000001000058c                irq_set_exclusive_handler
 .text.irq_remove_handler
                0x00000000100005e0      0x1a8 CMakeFiles/dino.dir/home/dino/projects/pico/pico-sdk/src/rp2_common/hardware_irq/irq.c.obj
                0x00000000100005e0                irq_remove_handler
 .text.irq_add_tail_to_free_list
                0x0000000010000788       0xf0 CMakeFiles/dino.dir/home/dino/projects/pico/pico-sdk/src/rp2_common/hardware_irq/irq.c.obj
                0x0000000010000788                irq_add_tail_to_free_list
 .text.irq_init_priorities
                0x0000000010000878       0x1c CMakeFiles/dino.dir/home/dino/projects/pico/pico-sdk/src/rp2_common/hardware_irq/irq.c.obj
                0x0000000010000878                irq_init_priorities
 .text.lock_init
                0x0000000010000894       0x10 CMakeFiles/dino.dir/home/dino/projects/pico/pico-sdk/src/common/pico_sync/lock_core.c.obj
                0x0000000010000894                lock_init
 .text.alarm_pool_post_alloc_init
                0x00000000100008a4       0x40 CMakeFiles/dino.dir/home/dino/projects/pico/pico-sdk/src/common/pico_time/time.c.obj
 .text.sleep_until_callback
                0x00000000100008e4       0x30 CMakeFiles/dino.dir/home/dino/projects/pico/pico-sdk/src/common/pico_time/time.c.obj
 .text.timer_pool_entry_comparator
                0x0000000010000914       0x7c CMakeFiles/dino.dir/home/dino/projects/pico/pico-sdk/src/common/pico_time/time.c.obj
                0x0000000010000914                timer_pool_entry_comparator
 .text.ph_add_child_node
                0x0000000010000990       0xa4 CMakeFiles/dino.dir/home/dino/projects/pico/pico-sdk/src/common/pico_time/time.c.obj
 .text.ph_merge_nodes
                0x0000000010000a34       0x3e CMakeFiles/dino.dir/home/dino/projects/pico/pico-sdk/src/common/pico_time/time.c.obj
 *fill*         0x0000000010000a72        0x2 
 .text.add_alarm_under_lock
                0x0000000010000a74      0x174 CMakeFiles/dino.dir/home/dino/projects/pico/pico-sdk/src/common/pico_time/time.c.obj
 .text.alarm_pool_alarm_callback
                0x0000000010000be8      0x32c CMakeFiles/dino.dir/home/dino/projects/pico/pico-sdk/src/common/pico_time/time.c.obj
 .text.alarm_pool_init_default
                0x0000000010000f14       0x38 CMakeFiles/dino.dir/home/dino/projects/pico/pico-sdk/src/common/pico_time/time.c.obj
                0x0000000010000f14                alarm_pool_init_default
 .text.alarm_pool_get_default
                0x0000000010000f4c       0x2c CMakeFiles/dino.dir/home/dino/projects/pico/pico-sdk/src/common/pico_time/time.c.obj
                0x0000000010000f4c                alarm_pool_get_default
 .text.alarm_pool_add_alarm_at
                0x0000000010000f78      0x170 CMakeFiles/dino.dir/home/dino/projects/pico/pico-sdk/src/common/pico_time/time.c.obj
                0x0000000010000f78                alarm_pool_add_alarm_at
 .text.sleep_until
                0x00000000100010e8       0xfc CMakeFiles/dino.dir/home/dino/projects/pico/pico-sdk/src/common/pico_time/time.c.obj
                0x00000000100010e8                sleep_until
 .text.sleep_us
                0x00000000100011e4       0x58 CMakeFiles/dino.dir/home/dino/projects/pico/pico-sdk/src/common/pico_time/time.c.obj
                0x00000000100011e4                sleep_us
 .text.sleep_ms
                0x000000001000123c       0x14 CMakeFiles/dino.dir/home/dino/projects/pico/pico-sdk/src/common/pico_time/time.c.obj
                0x000000001000123c                sleep_ms
 .text.hardware_alarm_irq_handler
                0x0000000010001250       0x8c CMakeFiles/dino.dir/home/dino/projects/pico/pico-sdk/src/rp2_common/hardware_timer/timer.c.obj
 .text.hardware_alarm_claim
                0x00000000100012dc       0x18 CMakeFiles/dino.dir/home/dino/projects/pico/pico-sdk/src/rp2_common/hardware_timer/timer.c.obj
                0x00000000100012dc                hardware_alarm_claim
 .text.time_us_64
                0x00000000100012f4       0x18 CMakeFiles/dino.dir/home/dino/projects/pico/pico-sdk/src/rp2_common/hardware_timer/timer.c.obj
                0x00000000100012f4                time_us_64
 .text.busy_wait_until
                0x000000001000130c       0x24 CMakeFiles/dino.dir/home/dino/projects/pico/pico-sdk/src/rp2_common/hardware_timer/timer.c.obj
                0x000000001000130c                busy_wait_until
 .text.hardware_alarm_set_callback
                0x0000000010001330       0x90 CMakeFiles/dino.dir/home/dino/projects/pico/pico-sdk/src/rp2_common/hardware_timer/timer.c.obj
                0x0000000010001330                hardware_alarm_set_callback
 .text.hardware_alarm_set_target
                0x00000000100013c0       0xe8 CMakeFiles/dino.dir/home/dino/projects/pico/pico-sdk/src/rp2_common/hardware_timer/timer.c.obj
                0x00000000100013c0                hardware_alarm_set_target
 .text.hardware_alarm_cancel
                0x00000000100014a8       0x40 CMakeFiles/dino.dir/home/dino/projects/pico/pico-sdk/src/rp2_common/hardware_timer/timer.c.obj
                0x00000000100014a8                hardware_alarm_cancel
 .text.ph_add_child_node
                0x00000000100014e8       0xa4 CMakeFiles/dino.dir/home/dino/projects/pico/pico-sdk/src/common/pico_util/pheap.c.obj
 .text.ph_merge_nodes
                0x000000001000158c       0x3e CMakeFiles/dino.dir/home/dino/projects/pico/pico-sdk/src/common/pico_util/pheap.c.obj
 *fill*         0x00000000100015ca        0x2 
 .text.ph_clear
                0x00000000100015cc       0x70 CMakeFiles/dino.dir/home/dino/projects/pico/pico-sdk/src/common/pico_util/pheap.c.obj
                0x00000000100015cc                ph_clear
 .text.ph_post_alloc_init
                0x000000001000163c        0xe CMakeFiles/dino.dir/home/dino/projects/pico/pico-sdk/src/common/pico_util/pheap.c.obj
                0x000000001000163c                ph_post_alloc_init
 *fill*         0x000000001000164a        0x2 
 .text.ph_merge_two_pass
                0x000000001000164c       0xa8 CMakeFiles/dino.dir/home/dino/projects/pico/pico-sdk/src/common/pico_util/pheap.c.obj
                0x000000001000164c                ph_merge_two_pass
 .text.ph_remove_any_head
                0x00000000100016f4      0x108 CMakeFiles/dino.dir/home/dino/projects/pico/pico-sdk/src/common/pico_util/pheap.c.obj
 .text.ph_remove_head
                0x00000000100017fc       0x14 CMakeFiles/dino.dir/home/dino/projects/pico/pico-sdk/src/common/pico_util/pheap.c.obj
                0x00000000100017fc                ph_remove_head
 .text.ph_remove_and_free_node
                0x0000000010001810       0xf8 CMakeFiles/dino.dir/home/dino/projects/pico/pico-sdk/src/common/pico_util/pheap.c.obj
                0x0000000010001810                ph_remove_and_free_node
 .text.mutex_init
                0x0000000010001908       0x1a CMakeFiles/dino.dir/home/dino/projects/pico/pico-sdk/src/common/pico_sync/mutex.c.obj
                0x0000000010001908                mutex_init
 .text.recursive_mutex_init
                0x0000000010001922       0x1e CMakeFiles/dino.dir/home/dino/projects/pico/pico-sdk/src/common/pico_sync/mutex.c.obj
                0x0000000010001922                recursive_mutex_init
 .text._exit    0x0000000010001940        0x4 CMakeFiles/dino.dir/home/dino/projects/pico/pico-sdk/src/rp2_common/pico_runtime/runtime.c.obj
                0x0000000010001940                _exit
 .text.exit     0x0000000010001944        0x6 CMakeFiles/dino.dir/home/dino/projects/pico/pico-sdk/src/rp2_common/pico_runtime/runtime.c.obj
                0x0000000010001944                exit
 *fill*         0x000000001000194a        0x2 
 .text.__assert_func
                0x000000001000194c       0x3c CMakeFiles/dino.dir/home/dino/projects/pico/pico-sdk/src/rp2_common/pico_runtime/runtime.c.obj
                0x000000001000194c                __assert_func
 .text.runtime_init
                0x0000000010001988       0xf8 CMakeFiles/dino.dir/home/dino/projects/pico/pico-sdk/src/rp2_common/pico_runtime/runtime.c.obj
                0x0000000010001988                runtime_init
 .text.panic    0x0000000010001a80       0x30 CMakeFiles/dino.dir/home/dino/projects/pico/pico-sdk/src/rp2_common/pico_runtime/runtime.c.obj
                0x0000000010001a80                panic
 .text.clock_configure
                0x0000000010001ab0      0x104 CMakeFiles/dino.dir/home/dino/projects/pico/pico-sdk/src/rp2_common/hardware_clocks/clocks.c.obj
                0x0000000010001ab0                clock_configure
 .text.clocks_init
                0x0000000010001bb4      0x100 CMakeFiles/dino.dir/home/dino/projects/pico/pico-sdk/src/rp2_common/hardware_clocks/clocks.c.obj
                0x0000000010001bb4                clocks_init
 .text.pll_init
                0x0000000010001cb4      0x140 CMakeFiles/dino.dir/home/dino/projects/pico/pico-sdk/src/rp2_common/hardware_pll/pll.c.obj
                0x0000000010001cb4                pll_init
 .text.watchdog_start_tick
                0x0000000010001df4       0x10 CMakeFiles/dino.dir/home/dino/projects/pico/pico-sdk/src/rp2_common/hardware_watchdog/watchdog.c.obj
                0x0000000010001df4                watchdog_start_tick
 .text.xosc_init
                0x0000000010001e04       0x28 CMakeFiles/dino.dir/home/dino/projects/pico/pico-sdk/src/rp2_common/hardware_xosc/xosc.c.obj
                0x0000000010001e04                xosc_init
 .text._out_null
                0x0000000010001e2c        0x2 CMakeFiles/dino.dir/home/dino/projects/pico/pico-sdk/src/rp2_common/pico_printf/printf.c.obj
 .text._out_fct
                0x0000000010001e2e        0xe CMakeFiles/dino.dir/home/dino/projects/pico/pico-sdk/src/rp2_common/pico_printf/printf.c.obj
 .text._atoi    0x0000000010001e3c       0x24 CMakeFiles/dino.dir/home/dino/projects/pico/pico-sdk/src/rp2_common/pico_printf/printf.c.obj
 .text._out_rev
                0x0000000010001e60       0xae CMakeFiles/dino.dir/home/dino/projects/pico/pico-sdk/src/rp2_common/pico_printf/printf.c.obj
 .text._ntoa_format
                0x0000000010001f0e      0x110 CMakeFiles/dino.dir/home/dino/projects/pico/pico-sdk/src/rp2_common/pico_printf/printf.c.obj
 .text._ntoa_long
                0x000000001000201e       0xbc CMakeFiles/dino.dir/home/dino/projects/pico/pico-sdk/src/rp2_common/pico_printf/printf.c.obj
 .text._ntoa_long_long
                0x00000000100020da       0xe2 CMakeFiles/dino.dir/home/dino/projects/pico/pico-sdk/src/rp2_common/pico_printf/printf.c.obj
 .text._etoa    0x00000000100021bc      0x40c CMakeFiles/dino.dir/home/dino/projects/pico/pico-sdk/src/rp2_common/pico_printf/printf.c.obj
 .text._ftoa    0x00000000100025c8      0x354 CMakeFiles/dino.dir/home/dino/projects/pico/pico-sdk/src/rp2_common/pico_printf/printf.c.obj
 .text._vsnprintf
                0x000000001000291c      0x628 CMakeFiles/dino.dir/home/dino/projects/pico/pico-sdk/src/rp2_common/pico_printf/printf.c.obj
 .text.vfctprintf
                0x0000000010002f44       0x20 CMakeFiles/dino.dir/home/dino/projects/pico/pico-sdk/src/rp2_common/pico_printf/printf.c.obj
                0x0000000010002f44                vfctprintf
 .text          0x0000000010002f64       0x10 CMakeFiles/dino.dir/home/dino/projects/pico/pico-sdk/src/rp2_common/pico_bit_ops/bit_ops_aeabi.S.obj
 .text.rom_func_lookup
                0x0000000010002f74       0x10 CMakeFiles/dino.dir/home/dino/projects/pico/pico-sdk/src/rp2_common/pico_bootrom/bootrom.c.obj
                0x0000000010002f74                rom_func_lookup
 .text.rom_data_lookup
                0x0000000010002f84       0x10 CMakeFiles/dino.dir/home/dino/projects/pico/pico-sdk/src/rp2_common/pico_bootrom/bootrom.c.obj
                0x0000000010002f84                rom_data_lookup
 .text.rom_funcs_lookup
                0x0000000010002f94       0x36 CMakeFiles/dino.dir/home/dino/projects/pico/pico-sdk/src/rp2_common/pico_bootrom/bootrom.c.obj
                0x0000000010002f94                rom_funcs_lookup
 *fill*         0x0000000010002fca        0x2 
 .text.__wrap___aeabi_idiv
                0x0000000010002fcc       0x50 CMakeFiles/dino.dir/home/dino/projects/pico/pico-sdk/src/rp2_common/pico_divider/divider.S.obj
                0x0000000010002fcc                __wrap___aeabi_idivmod
                0x0000000010002fcc                divmod_s32s32
                0x0000000010002fcc                div_s32s32
                0x0000000010002fcc                __wrap___aeabi_idiv
                0x0000000010002fd4                divmod_s32s32_unsafe
                0x0000000010003000                divmod_s32s32_savestate
 .text.__wrap___aeabi_uidiv
                0x000000001000301c       0x4c CMakeFiles/dino.dir/home/dino/projects/pico/pico-sdk/src/rp2_common/pico_divider/divider.S.obj
                0x000000001000301c                __wrap___aeabi_uidiv
                0x000000001000301c                __wrap___aeabi_uidivmod
                0x000000001000301c                div_u32u32
                0x000000001000301c                divmod_u32u32
                0x0000000010003024                divmod_u32u32_unsafe
                0x000000001000304c                divmod_u32u32_savestate
 .text.__wrap___aeabi_ldiv
                0x0000000010003068      0x434 CMakeFiles/dino.dir/home/dino/projects/pico/pico-sdk/src/rp2_common/pico_divider/divider.S.obj
                0x0000000010003068                div_s64s64
                0x0000000010003068                divmod_s64s64
                0x0000000010003068                __wrap___aeabi_ldivmod
                0x00000000100030a0                div_u64u64
                0x00000000100030a0                divmod_u64u64
                0x00000000100030a0                __wrap___aeabi_uldivmod
                0x00000000100030b0                divmod_u64u64_savestate
                0x00000000100030d8                divmod_s64s64_unsafe
                0x0000000010003160                divmod_u64u64_unsafe
 .text.__wrap___aeabi_darithmetic
                0x000000001000349c       0x80 CMakeFiles/dino.dir/home/dino/projects/pico/pico-sdk/src/rp2_common/pico_double/double_aeabi.S.obj
                0x000000001000349c                __wrap___aeabi_drsub
                0x00000000100034a2                __wrap___aeabi_dsub
                0x00000000100034b4                __wrap___aeabi_dadd
                0x00000000100034c6                __wrap___aeabi_ddiv
                0x0000000010003502                __wrap___aeabi_dmul
 .text.__wrap___aeabi_cdcmple
                0x000000001000351c       0x6c CMakeFiles/dino.dir/home/dino/projects/pico/pico-sdk/src/rp2_common/pico_double/double_aeabi.S.obj
                0x000000001000351c                __wrap___aeabi_cdrcmple
                0x000000001000352c                __wrap___aeabi_cdcmple
                0x000000001000352c                __wrap___aeabi_cdcmpeq
 .text.__wrap___aeabi_dcmplt
                0x0000000010003588        0xc CMakeFiles/dino.dir/home/dino/projects/pico/pico-sdk/src/rp2_common/pico_double/double_aeabi.S.obj
                0x0000000010003588                __wrap___aeabi_dcmplt
 .text.__wrap___aeabi_dcmple
                0x0000000010003594       0x10 CMakeFiles/dino.dir/home/dino/projects/pico/pico-sdk/src/rp2_common/pico_double/double_aeabi.S.obj
                0x0000000010003594                __wrap___aeabi_dcmple
 .text.__wrap___aeabi_dcmpge
                0x00000000100035a4       0x10 CMakeFiles/dino.dir/home/dino/projects/pico/pico-sdk/src/rp2_common/pico_double/double_aeabi.S.obj
                0x00000000100035a4                __wrap___aeabi_dcmpge
 .text.__wrap___aeabi_dcmpgt
                0x00000000100035b4        0xa CMakeFiles/dino.dir/home/dino/projects/pico/pico-sdk/src/rp2_common/pico_double/double_aeabi.S.obj
                0x00000000100035b4                __wrap___aeabi_dcmpgt
 .text.__wrap___aeabi_dcmpun
                0x00000000100035be       0x1c CMakeFiles/dino.dir/home/dino/projects/pico/pico-sdk/src/rp2_common/pico_double/double_aeabi.S.obj
                0x00000000100035be                __wrap___aeabi_dcmpun
 *fill*         0x00000000100035da        0x2 
 .text.__wrap___aeabi_i2d
                0x00000000100035dc       0x38 CMakeFiles/dino.dir/home/dino/projects/pico/pico-sdk/src/rp2_common/pico_double/double_aeabi.S.obj
                0x00000000100035dc                __wrap___aeabi_ui2d
                0x00000000100035e4                __wrap___aeabi_i2d
 .text.__wrap___aeabi_d2iz
                0x0000000010003614       0x48 CMakeFiles/dino.dir/home/dino/projects/pico/pico-sdk/src/rp2_common/pico_double/double_aeabi.S.obj
                0x0000000010003614                __wrap___aeabi_d2iz
                0x0000000010003614                double2int_z
 .text.__wrap___aeabi_d2uiz
                0x000000001000365c       0x18 CMakeFiles/dino.dir/home/dino/projects/pico/pico-sdk/src/rp2_common/pico_double/double_aeabi.S.obj
                0x000000001000365c                double2uint
                0x000000001000365c                __wrap___aeabi_d2uiz
 .text.__aeabi_double_init
                0x0000000010003674       0xc8 CMakeFiles/dino.dir/home/dino/projects/pico/pico-sdk/src/rp2_common/pico_double/double_init_rom.c.obj
                0x0000000010003674                __aeabi_double_init
 .text.double_table_shim_on_use_helper
                0x000000001000373c       0x34 CMakeFiles/dino.dir/home/dino/projects/pico/pico-sdk/src/rp2_common/pico_double/double_v1_rom_shim.S.obj
                0x000000001000373c                double_table_shim_on_use_helper
 .text.__wrap___aeabi_dsub
                0x0000000010003770       0x10 CMakeFiles/dino.dir/home/dino/projects/pico/pico-sdk/src/rp2_common/pico_double/double_v1_rom_shim.S.obj
                0x0000000010003770                drsub_shim
                0x0000000010003776                dsub_shim
 .text.dadd_shim
                0x0000000010003780      0x15c CMakeFiles/dino.dir/home/dino/projects/pico/pico-sdk/src/rp2_common/pico_double/double_v1_rom_shim.S.obj
                0x0000000010003780                dadd_shim
 .text.dmul_shim
                0x00000000100038dc      0x15c CMakeFiles/dino.dir/home/dino/projects/pico/pico-sdk/src/rp2_common/pico_double/double_v1_rom_shim.S.obj
                0x00000000100038dc                dmul_shim
 .text.ddiv_shim
                0x0000000010003a38      0x1b0 CMakeFiles/dino.dir/home/dino/projects/pico/pico-sdk/src/rp2_common/pico_double/double_v1_rom_shim.S.obj
                0x0000000010003a38                ddiv_shim
 .text.double2uint_shim
                0x0000000010003be8        0xe CMakeFiles/dino.dir/home/dino/projects/pico/pico-sdk/src/rp2_common/pico_double/double_v1_rom_shim.S.obj
                0x0000000010003be8                double2uint_shim
                0x0000000010003bea                double2ufix_shim
 *fill*         0x0000000010003bf6        0x2 
 .text.double2uint64_shim
                0x0000000010003bf8       0x70 CMakeFiles/dino.dir/home/dino/projects/pico/pico-sdk/src/rp2_common/pico_double/double_v1_rom_shim.S.obj
                0x0000000010003bf8                double2uint64_shim
                0x0000000010003bfa                double2ufix64_shim
                0x0000000010003c1a                d2fix_a
 .text.dunpacks
                0x0000000010003c68       0x3c CMakeFiles/dino.dir/home/dino/projects/pico/pico-sdk/src/rp2_common/pico_double/double_v1_rom_shim.S.obj
                0x0000000010003c68                dunpacks
 .text.__aeabi_lmul
                0x0000000010003ca4       0x32 CMakeFiles/dino.dir/home/dino/projects/pico/pico-sdk/src/rp2_common/pico_int64_ops/pico_int64_ops_aeabi.S.obj
                0x0000000010003ca4                __wrap___aeabi_lmul
 *fill*         0x0000000010003cd6        0x2 
 .text.__aeabi_float_init
                0x0000000010003cd8       0xfc CMakeFiles/dino.dir/home/dino/projects/pico/pico-sdk/src/rp2_common/pico_float/float_init_rom.c.obj
                0x0000000010003cd8                __aeabi_float_init
 .text.float_table_shim_on_use_helper
                0x0000000010003dd4       0x34 CMakeFiles/dino.dir/home/dino/projects/pico/pico-sdk/src/rp2_common/pico_float/float_v1_rom_shim.S.obj
                0x0000000010003dd4                float_table_shim_on_use_helper
 .text          0x0000000010003e08       0x10 CMakeFiles/dino.dir/home/dino/projects/pico/pico-sdk/src/rp2_common/pico_mem_ops/mem_ops_aeabi.S.obj
                0x0000000010003e08                __aeabi_mem_init
 .text.memset   0x0000000010003e18        0xc CMakeFiles/dino.dir/home/dino/projects/pico/pico-sdk/src/rp2_common/pico_mem_ops/mem_ops_aeabi.S.obj
                0x0000000010003e18                __wrap_memset
 .text.memcpy   0x0000000010003e24        0xc CMakeFiles/dino.dir/home/dino/projects/pico/pico-sdk/src/rp2_common/pico_mem_ops/mem_ops_aeabi.S.obj
                0x0000000010003e24                __wrap___aeabi_memcpy
                0x0000000010003e24                __wrap_memcpy
 .text.stdio_out_chars_no_crlf
                0x0000000010003e30        0xe CMakeFiles/dino.dir/home/dino/projects/pico/pico-sdk/src/rp2_common/pico_stdio/stdio.c.obj
 *fill*         0x0000000010003e3e        0x2 
 .text.stdio_out_chars_crlf
                0x0000000010003e40       0x80 CMakeFiles/dino.dir/home/dino/projects/pico/pico-sdk/src/rp2_common/pico_stdio/stdio.c.obj
 .text.stdio_stack_buffer_flush
                0x0000000010003ec0       0x44 CMakeFiles/dino.dir/home/dino/projects/pico/pico-sdk/src/rp2_common/pico_stdio/stdio.c.obj
 .text.stdio_buffered_printer
                0x0000000010003f04       0x20 CMakeFiles/dino.dir/home/dino/projects/pico/pico-sdk/src/rp2_common/pico_stdio/stdio.c.obj
 .text.stdout_serialize_begin
                0x0000000010003f24       0x30 CMakeFiles/dino.dir/home/dino/projects/pico/pico-sdk/src/rp2_common/pico_stdio/stdio.c.obj
                0x0000000010003f24                stdout_serialize_begin
 .text.stdout_serialize_end
                0x0000000010003f54       0x10 CMakeFiles/dino.dir/home/dino/projects/pico/pico-sdk/src/rp2_common/pico_stdio/stdio.c.obj
                0x0000000010003f54                stdout_serialize_end
 .text.stdio_put_string
                0x0000000010003f64       0x98 CMakeFiles/dino.dir/home/dino/projects/pico/pico-sdk/src/rp2_common/pico_stdio/stdio.c.obj
 .text.stdio_flush
                0x0000000010003ffc       0x20 CMakeFiles/dino.dir/home/dino/projects/pico/pico-sdk/src/rp2_common/pico_stdio/stdio.c.obj
                0x0000000010003ffc                stdio_flush
 .text.__wrap_puts
                0x000000001000401c       0x1e CMakeFiles/dino.dir/home/dino/projects/pico/pico-sdk/src/rp2_common/pico_stdio/stdio.c.obj
                0x000000001000401c                __wrap_puts
 *fill*         0x000000001000403a        0x2 
 .text.__wrap_vprintf
                0x000000001000403c       0x44 CMakeFiles/dino.dir/home/dino/projects/pico/pico-sdk/src/rp2_common/pico_stdio/stdio.c.obj
                0x000000001000403c                __wrap_vprintf
 .text.__wrap_printf
                0x0000000010004080       0x18 CMakeFiles/dino.dir/home/dino/projects/pico/pico-sdk/src/rp2_common/pico_stdio/stdio.c.obj
                0x0000000010004080                __wrap_printf
 .text          0x0000000010004098       0x5c /usr/lib/gcc/arm-none-eabi/9.2.1/../../../arm-none-eabi/lib/thumb/v6-m/nofp/libg.a(lib_a-strlen-stub.o)
                0x0000000010004098                strlen
 *(.fini)
 .fini          0x00000000100040f4        0x4 /usr/lib/gcc/arm-none-eabi/9.2.1/thumb/v6-m/nofp/crti.o
                0x00000000100040f4                _fini
 .fini.__stub   0x00000000100040f8       0x50 linker stubs
 *crtbegin.o(.ctors)
 *crtbegin?.o(.ctors)
 *(EXCLUDE_FILE(*crtend.o *crtend?.o) .ctors)
 *(SORT_BY_NAME(.ctors.*))
 *(.ctors)
 *crtbegin.o(.dtors)
 *crtbegin?.o(.dtors)
 *(EXCLUDE_FILE(*crtend.o *crtend?.o) .dtors)
 *(SORT_BY_NAME(.dtors.*))
 *(.dtors)
 *(.eh_frame*)
 .eh_frame      0x0000000010004148        0x0 /usr/lib/gcc/arm-none-eabi/9.2.1/thumb/v6-m/nofp/crtbegin.o
                0x0000000010004148                . = ALIGN (0x4)

.glue_7         0x0000000010004148        0x0
 .glue_7        0x0000000010004148        0x0 linker stubs

.glue_7t        0x0000000010004148        0x0
 .glue_7t       0x0000000010004148        0x0 linker stubs

.vfp11_veneer   0x0000000010004148        0x0
 .vfp11_veneer  0x0000000010004148        0x0 linker stubs

.v4_bx          0x0000000010004148        0x0
 .v4_bx         0x0000000010004148        0x0 linker stubs

.iplt           0x0000000010004148        0x0
 .iplt          0x0000000010004148        0x0 /usr/lib/gcc/arm-none-eabi/9.2.1/thumb/v6-m/nofp/crtbegin.o

.rodata         0x0000000010004148      0xed0
 *(EXCLUDE_FILE(*libm.a: *libc.a:*lib_a-mem*.o *libgcc.a:) .rodata*)
 .rodata.make_branch.str1.4
                0x0000000010004148       0x74 CMakeFiles/dino.dir/home/dino/projects/pico/pico-sdk/src/rp2_common/hardware_irq/irq.c.obj
 .rodata.insert_branch_and_link.str1.4
                0x00000000100041bc       0x10 CMakeFiles/dino.dir/home/dino/projects/pico/pico-sdk/src/rp2_common/hardware_irq/irq.c.obj
 .rodata.irq_set_exclusive_handler.str1.4
                0x00000000100041cc       0x36 CMakeFiles/dino.dir/home/dino/projects/pico/pico-sdk/src/rp2_common/hardware_irq/irq.c.obj
 *fill*         0x0000000010004202        0x2 
 .rodata.irq_add_shared_handler.str1.4
                0x0000000010004204       0xd9 CMakeFiles/dino.dir/home/dino/projects/pico/pico-sdk/src/rp2_common/hardware_irq/irq.c.obj
 *fill*         0x00000000100042dd        0x3 
 .rodata.irq_remove_handler.str1.4
                0x00000000100042e0       0x2a CMakeFiles/dino.dir/home/dino/projects/pico/pico-sdk/src/rp2_common/hardware_irq/irq.c.obj
 *fill*         0x000000001000430a        0x2 
 .rodata.irq_add_tail_to_free_list.str1.4
                0x000000001000430c       0x3a CMakeFiles/dino.dir/home/dino/projects/pico/pico-sdk/src/rp2_common/hardware_irq/irq.c.obj
 *fill*         0x0000000010004346        0x2 
 .rodata.__func__.4777
                0x0000000010004348       0x1a CMakeFiles/dino.dir/home/dino/projects/pico/pico-sdk/src/rp2_common/hardware_irq/irq.c.obj
 *fill*         0x0000000010004362        0x2 
 .rodata.__func__.4791
                0x0000000010004364        0xc CMakeFiles/dino.dir/home/dino/projects/pico/pico-sdk/src/rp2_common/hardware_irq/irq.c.obj
 .rodata.__func__.4799
                0x0000000010004370       0x17 CMakeFiles/dino.dir/home/dino/projects/pico/pico-sdk/src/rp2_common/hardware_irq/irq.c.obj
 *fill*         0x0000000010004387        0x1 
 .rodata.__func__.4803
                0x0000000010004388        0xf CMakeFiles/dino.dir/home/dino/projects/pico/pico-sdk/src/rp2_common/hardware_irq/irq.c.obj
 *fill*         0x0000000010004397        0x1 
 .rodata.__func__.4842
                0x0000000010004398       0x13 CMakeFiles/dino.dir/home/dino/projects/pico/pico-sdk/src/rp2_common/hardware_irq/irq.c.obj
 *fill*         0x00000000100043ab        0x1 
 .rodata.__func__.4864
                0x00000000100043ac       0x1a CMakeFiles/dino.dir/home/dino/projects/pico/pico-sdk/src/rp2_common/hardware_irq/irq.c.obj
 *fill*         0x00000000100043c6        0x2 
 .rodata.repeating_timer_callback.str1.4
                0x00000000100043c8       0x52 CMakeFiles/dino.dir/home/dino/projects/pico/pico-sdk/src/common/pico_time/time.c.obj
 *fill*         0x000000001000441a        0x2 
 .rodata.alarm_pool_dump_key.str1.4
                0x000000001000441c       0x33 CMakeFiles/dino.dir/home/dino/projects/pico/pico-sdk/src/common/pico_time/time.c.obj
 *fill*         0x000000001000444f        0x1 
 .rodata.ph_add_child_node.str1.4
                0x0000000010004450       0x9e CMakeFiles/dino.dir/home/dino/projects/pico/pico-sdk/src/common/pico_time/time.c.obj
 *fill*         0x00000000100044ee        0x2 
 .rodata.add_alarm_under_lock.str1.4
                0x00000000100044f0       0x28 CMakeFiles/dino.dir/home/dino/projects/pico/pico-sdk/src/common/pico_time/time.c.obj
                                         0x2b (size before relaxing)
 .rodata.alarm_pool_alarm_callback.str1.4
                0x0000000010004518       0xea CMakeFiles/dino.dir/home/dino/projects/pico/pico-sdk/src/common/pico_time/time.c.obj
 *fill*         0x0000000010004602        0x2 
 .rodata.alarm_pool_get_default.str1.4
                0x0000000010004604       0x21 CMakeFiles/dino.dir/home/dino/projects/pico/pico-sdk/src/common/pico_time/time.c.obj
 *fill*         0x0000000010004625        0x3 
 .rodata.sleep_until.str1.4
                0x0000000010004628       0x4d CMakeFiles/dino.dir/home/dino/projects/pico/pico-sdk/src/common/pico_time/time.c.obj
 *fill*         0x0000000010004675        0x3 
 .rodata.__func__.5701
                0x0000000010004678       0x15 CMakeFiles/dino.dir/home/dino/projects/pico/pico-sdk/src/common/pico_time/time.c.obj
 *fill*         0x000000001000468d        0x3 
 .rodata.__func__.6019
                0x0000000010004690        0xc CMakeFiles/dino.dir/home/dino/projects/pico/pico-sdk/src/common/pico_time/time.c.obj
 .rodata.__func__.6026
                0x000000001000469c       0x12 CMakeFiles/dino.dir/home/dino/projects/pico/pico-sdk/src/common/pico_time/time.c.obj
 *fill*         0x00000000100046ae        0x2 
 .rodata.__func__.6042
                0x00000000100046b0        0xf CMakeFiles/dino.dir/home/dino/projects/pico/pico-sdk/src/common/pico_time/time.c.obj
 *fill*         0x00000000100046bf        0x1 
 .rodata.__func__.6064
                0x00000000100046c0        0xd CMakeFiles/dino.dir/home/dino/projects/pico/pico-sdk/src/common/pico_time/time.c.obj
 *fill*         0x00000000100046cd        0x3 
 .rodata.__func__.6287
                0x00000000100046d0        0xa CMakeFiles/dino.dir/home/dino/projects/pico/pico-sdk/src/common/pico_time/time.c.obj
 *fill*         0x00000000100046da        0x2 
 .rodata.__func__.6292
                0x00000000100046dc       0x12 CMakeFiles/dino.dir/home/dino/projects/pico/pico-sdk/src/common/pico_time/time.c.obj
 *fill*         0x00000000100046ee        0x2 
 .rodata.__func__.6307
                0x00000000100046f0       0x17 CMakeFiles/dino.dir/home/dino/projects/pico/pico-sdk/src/common/pico_time/time.c.obj
 *fill*         0x0000000010004707        0x1 
 .rodata.__func__.6318
                0x0000000010004708       0x15 CMakeFiles/dino.dir/home/dino/projects/pico/pico-sdk/src/common/pico_time/time.c.obj
 *fill*         0x000000001000471d        0x3 
 .rodata.__func__.6335
                0x0000000010004720       0x1a CMakeFiles/dino.dir/home/dino/projects/pico/pico-sdk/src/common/pico_time/time.c.obj
 *fill*         0x000000001000473a        0x2 
 .rodata.hardware_alarm_claim.str1.4
                0x000000001000473c       0x22 CMakeFiles/dino.dir/home/dino/projects/pico/pico-sdk/src/rp2_common/hardware_timer/timer.c.obj
 *fill*         0x000000001000475e        0x2 
 .rodata.hardware_alarm_set_target.str1.4
                0x0000000010004760       0x6c CMakeFiles/dino.dir/home/dino/projects/pico/pico-sdk/src/rp2_common/hardware_timer/timer.c.obj
 .rodata.__func__.4575
                0x00000000100047cc       0x1a CMakeFiles/dino.dir/home/dino/projects/pico/pico-sdk/src/rp2_common/hardware_timer/timer.c.obj
 .rodata.ph_add_child_node.str1.4
                0x00000000100047e6       0x9e CMakeFiles/dino.dir/home/dino/projects/pico/pico-sdk/src/common/pico_util/pheap.c.obj
 *fill*         0x00000000100047e6        0x2 
 .rodata.ph_remove_any_head.str1.4
                0x00000000100047e8       0x94 CMakeFiles/dino.dir/home/dino/projects/pico/pico-sdk/src/common/pico_util/pheap.c.obj
 .rodata.ph_remove_and_free_node.str1.4
                0x000000001000487c       0x1e CMakeFiles/dino.dir/home/dino/projects/pico/pico-sdk/src/common/pico_util/pheap.c.obj
                                         0x26 (size before relaxing)
 *fill*         0x000000001000489a        0x2 
 .rodata.__func__.5717
                0x000000001000489c        0xc CMakeFiles/dino.dir/home/dino/projects/pico/pico-sdk/src/common/pico_util/pheap.c.obj
 .rodata.__func__.5724
                0x00000000100048a8       0x12 CMakeFiles/dino.dir/home/dino/projects/pico/pico-sdk/src/common/pico_util/pheap.c.obj
 *fill*         0x00000000100048ba        0x2 
 .rodata.__func__.5810
                0x00000000100048bc       0x13 CMakeFiles/dino.dir/home/dino/projects/pico/pico-sdk/src/common/pico_util/pheap.c.obj
 *fill*         0x00000000100048cf        0x1 
 .rodata.__func__.5828
                0x00000000100048d0       0x18 CMakeFiles/dino.dir/home/dino/projects/pico/pico-sdk/src/common/pico_util/pheap.c.obj
 .rodata.str1.4
                0x00000000100048e8       0x91 CMakeFiles/dino.dir/home/dino/projects/pico/pico-sdk/src/common/pico_sync/mutex.c.obj
                                         0xf9 (size before relaxing)
 *fill*         0x0000000010004979        0x3 
 .rodata.__func__.4709
                0x000000001000497c        0xb CMakeFiles/dino.dir/home/dino/projects/pico/pico-sdk/src/common/pico_sync/mutex.c.obj
 *fill*         0x0000000010004987        0x1 
 .rodata.__assert_func.str1.4
                0x0000000010004988       0x3f CMakeFiles/dino.dir/home/dino/projects/pico/pico-sdk/src/rp2_common/pico_runtime/runtime.c.obj
                                         0x43 (size before relaxing)
 *fill*         0x00000000100049c7        0x1 
 .rodata.runtime_init.str1.4
                0x00000000100049c8       0x68 CMakeFiles/dino.dir/home/dino/projects/pico/pico-sdk/src/rp2_common/pico_runtime/runtime.c.obj
 .rodata.panic.str1.4
                0x0000000010004a30       0x12 CMakeFiles/dino.dir/home/dino/projects/pico/pico-sdk/src/rp2_common/pico_runtime/runtime.c.obj
 *fill*         0x0000000010004a42        0x2 
 .rodata.__func__.5835
                0x0000000010004a44        0xd CMakeFiles/dino.dir/home/dino/projects/pico/pico-sdk/src/rp2_common/pico_runtime/runtime.c.obj
 *fill*         0x0000000010004a51        0x3 
 .rodata.clock_configure.str1.4
                0x0000000010004a54       0x5e CMakeFiles/dino.dir/home/dino/projects/pico/pico-sdk/src/rp2_common/hardware_clocks/clocks.c.obj
 *fill*         0x0000000010004ab2        0x2 
 .rodata.__func__.4759
                0x0000000010004ab4       0x10 CMakeFiles/dino.dir/home/dino/projects/pico/pico-sdk/src/rp2_common/hardware_clocks/clocks.c.obj
 .rodata.pll_init.str1.4
                0x0000000010004ac4      0x13f CMakeFiles/dino.dir/home/dino/projects/pico/pico-sdk/src/rp2_common/hardware_pll/pll.c.obj
 *fill*         0x0000000010004c03        0x1 
 .rodata.__func__.4416
                0x0000000010004c04        0x9 CMakeFiles/dino.dir/home/dino/projects/pico/pico-sdk/src/rp2_common/hardware_pll/pll.c.obj
 *fill*         0x0000000010004c0d        0x3 
 .rodata._ftoa.str1.4
                0x0000000010004c10       0x15 CMakeFiles/dino.dir/home/dino/projects/pico/pico-sdk/src/rp2_common/pico_printf/printf.c.obj
 *fill*         0x0000000010004c25        0x3 
 .rodata._vsnprintf
                0x0000000010004c28      0x1e0 CMakeFiles/dino.dir/home/dino/projects/pico/pico-sdk/src/rp2_common/pico_printf/printf.c.obj
 .rodata.pow10.5431
                0x0000000010004e08       0x50 CMakeFiles/dino.dir/home/dino/projects/pico/pico-sdk/src/rp2_common/pico_printf/printf.c.obj
 .rodata.__aeabi_double_init.str1.4
                0x0000000010004e58       0xaf CMakeFiles/dino.dir/home/dino/projects/pico/pico-sdk/src/rp2_common/pico_double/double_init_rom.c.obj
 *fill*         0x0000000010004f07        0x1 
 .rodata.__func__.4728
                0x0000000010004f08       0x14 CMakeFiles/dino.dir/home/dino/projects/pico/pico-sdk/src/rp2_common/pico_double/double_init_rom.c.obj
 .rodata.__aeabi_float_init.str1.4
                0x0000000010004f1c       0x81 CMakeFiles/dino.dir/home/dino/projects/pico/pico-sdk/src/rp2_common/pico_float/float_init_rom.c.obj
                                         0x85 (size before relaxing)
 *fill*         0x0000000010004f9d        0x3 
 .rodata.__func__.4729
                0x0000000010004fa0       0x13 CMakeFiles/dino.dir/home/dino/projects/pico/pico-sdk/src/rp2_common/pico_float/float_init_rom.c.obj
 *fill*         0x0000000010004fb3        0x1 
 .rodata.str1.4
                0x0000000010004fb4       0x3c CMakeFiles/dino.dir/home/dino/projects/pico/pico-sdk/src/rp2_common/pico_standard_link/binary_info.c.obj
 .rodata.__bi_44
                0x0000000010004ff0        0xc CMakeFiles/dino.dir/home/dino/projects/pico/pico-sdk/src/rp2_common/pico_standard_link/binary_info.c.obj
 .rodata.__bi_75
                0x0000000010004ffc        0xc CMakeFiles/dino.dir/home/dino/projects/pico/pico-sdk/src/rp2_common/pico_standard_link/binary_info.c.obj
 .rodata.__bi_81
                0x0000000010005008        0xc CMakeFiles/dino.dir/home/dino/projects/pico/pico-sdk/src/rp2_common/pico_standard_link/binary_info.c.obj
 .rodata.crlf_str.6060
                0x0000000010005014        0x2 CMakeFiles/dino.dir/home/dino/projects/pico/pico-sdk/src/rp2_common/pico_stdio/stdio.c.obj
                0x0000000010005018                . = ALIGN (0x4)
 *fill*         0x0000000010005016        0x2 
 *(SORT_BY_ALIGNMENT(SORT_BY_NAME(.flashdata*)))
                0x0000000010005018                . = ALIGN (0x4)

.rel.dyn        0x0000000010005018        0x0
 .rel.iplt      0x0000000010005018        0x0 /usr/lib/gcc/arm-none-eabi/9.2.1/thumb/v6-m/nofp/crtbegin.o

.ARM.extab
 *(.ARM.extab* .gnu.linkonce.armextab.*)
                0x0000000010005018                __exidx_start = .

.ARM.exidx
 *(.ARM.exidx* .gnu.linkonce.armexidx.*)
                0x0000000010005018                __exidx_end = .
                0x0000000010005018                . = ALIGN (0x4)
                0x0000000010005018                __binary_info_start = .

.binary_info    0x0000000010005018       0x1c
 *(.binary_info.keep.*)
 .binary_info.keep.__bi_ptr22
                0x0000000010005018        0x4 CMakeFiles/dino.dir/home/dino/projects/pico/pico-sdk/src/rp2_common/pico_standard_link/binary_info.c.obj
 .binary_info.keep.__bi_ptr30
                0x000000001000501c        0x4 CMakeFiles/dino.dir/home/dino/projects/pico/pico-sdk/src/rp2_common/pico_standard_link/binary_info.c.obj
 .binary_info.keep.__bi_ptr38
                0x0000000010005020        0x4 CMakeFiles/dino.dir/home/dino/projects/pico/pico-sdk/src/rp2_common/pico_standard_link/binary_info.c.obj
 .binary_info.keep.__bi_ptr44
                0x0000000010005024        0x4 CMakeFiles/dino.dir/home/dino/projects/pico/pico-sdk/src/rp2_common/pico_standard_link/binary_info.c.obj
 .binary_info.keep.__bi_ptr50
                0x0000000010005028        0x4 CMakeFiles/dino.dir/home/dino/projects/pico/pico-sdk/src/rp2_common/pico_standard_link/binary_info.c.obj
 .binary_info.keep.__bi_ptr75
                0x000000001000502c        0x4 CMakeFiles/dino.dir/home/dino/projects/pico/pico-sdk/src/rp2_common/pico_standard_link/binary_info.c.obj
 .binary_info.keep.__bi_ptr81
                0x0000000010005030        0x4 CMakeFiles/dino.dir/home/dino/projects/pico/pico-sdk/src/rp2_common/pico_standard_link/binary_info.c.obj
 *(.binary_info.*)
                0x0000000010005034                __binary_info_end = .
                0x0000000010005034                . = ALIGN (0x4)
                0x0000000010005034                __etext = .

.ram_vector_table
                0x0000000020000000       0xc0
 *(.ram_vector_table)
 .ram_vector_table
                0x0000000020000000       0xc0 CMakeFiles/dino.dir/home/dino/projects/pico/pico-sdk/src/rp2_common/pico_runtime/runtime.c.obj
                0x0000000020000000                ram_vector_table

.data           0x00000000200000c0      0x1ac load address 0x0000000010005034
                0x00000000200000c0                __data_start__ = .
 *(vtable)
 *(.time_critical*)
 .time_critical.mutex_enter_blocking
                0x00000000200000c0       0x48 CMakeFiles/dino.dir/home/dino/projects/pico/pico-sdk/src/common/pico_sync/mutex.c.obj
                0x00000000200000c0                mutex_enter_blocking
 .time_critical.mutex_try_enter
                0x0000000020000108       0x48 CMakeFiles/dino.dir/home/dino/projects/pico/pico-sdk/src/common/pico_sync/mutex.c.obj
                0x0000000020000108                mutex_try_enter
 .time_critical.mutex_exit
                0x0000000020000150       0x4c CMakeFiles/dino.dir/home/dino/projects/pico/pico-sdk/src/common/pico_sync/mutex.c.obj
                0x0000000020000150                mutex_exit
 *(.text*)
 .text          0x000000002000019c        0x4 /usr/lib/gcc/arm-none-eabi/9.2.1/thumb/v6-m/nofp/libgcc.a(_dvmd_tls.o)
                0x000000002000019c                __aeabi_ldiv0
                0x000000002000019c                __aeabi_idiv0
 .text.__stub   0x00000000200001a0       0x10 linker stubs
                0x00000000200001b0                . = ALIGN (0x4)
 *(.rodata*)
                0x00000000200001b0                . = ALIGN (0x4)
 *(.data*)
 .data.striped_spin_lock_num
                0x00000000200001b0        0x1 CMakeFiles/dino.dir/home/dino/projects/pico/pico-sdk/src/rp2_common/hardware_sync/sync.c.obj
 *fill*         0x00000000200001b1        0x3 
 .data          0x00000000200001b4       0x48 CMakeFiles/dino.dir/home/dino/projects/pico/pico-sdk/src/rp2_common/hardware_irq/irq_handler_chain.S.obj
                0x00000000200001b4                irq_handler_chain_slots
                0x00000000200001e4                irq_handler_chain_first_slot
                0x00000000200001ee                irq_handler_chain_remove_tail
 .data.default_alarm_pool
                0x00000000200001fc       0x18 CMakeFiles/dino.dir/home/dino/projects/pico/pico-sdk/src/common/pico_time/time.c.obj
 .data.default_alarm_pool_heap
                0x0000000020000214       0x10 CMakeFiles/dino.dir/home/dino/projects/pico/pico-sdk/src/common/pico_time/time.c.obj
 *fill*         0x0000000020000224        0xc 
 .data.aeabi_bits_funcs
                0x0000000020000230       0x10 CMakeFiles/dino.dir/home/dino/projects/pico/pico-sdk/src/rp2_common/pico_bit_ops/bit_ops_aeabi.S.obj
                0x0000000020000230                aeabi_bits_funcs
                0x0000000020000240                aeabi_bits_funcs_end
 .data.aeabi_mem_funcs
                0x0000000020000240       0x10 CMakeFiles/dino.dir/home/dino/projects/pico/pico-sdk/src/rp2_common/pico_mem_ops/mem_ops_aeabi.S.obj
                0x0000000020000240                aeabi_mem_funcs
                0x0000000020000250                aeabi_mem_funcs_end
                0x0000000020000250                . = ALIGN (0x4)
 *(.after_data.*)
                0x0000000020000250                . = ALIGN (0x4)
                0x0000000020000250                PROVIDE (__mutex_array_start = .)
 *(SORT_BY_NAME(.mutex_array.*))
 *(.mutex_array)
 .mutex_array   0x0000000020000250        0x8 CMakeFiles/dino.dir/home/dino/projects/pico/pico-sdk/src/rp2_common/pico_stdio/stdio.c.obj
                0x0000000020000258                PROVIDE (__mutex_array_end = .)
                0x0000000020000258                . = ALIGN (0x4)
                0x0000000020000258                PROVIDE (__preinit_array_start = .)
 *(SORT_BY_NAME(.preinit_array.*))
 .preinit_array.00001
                0x0000000020000258        0x4 CMakeFiles/dino.dir/home/dino/projects/pico/pico-sdk/src/rp2_common/pico_mem_ops/mem_ops_aeabi.S.obj
 .preinit_array.00010
                0x000000002000025c        0x4 CMakeFiles/dino.dir/home/dino/projects/pico/pico-sdk/src/rp2_common/pico_bit_ops/bit_ops_aeabi.S.obj
 .preinit_array.00020
                0x0000000020000260        0x4 CMakeFiles/dino.dir/home/dino/projects/pico/pico-sdk/src/rp2_common/pico_double/double_aeabi.S.obj
 .preinit_array.00020
                0x0000000020000264        0x4 CMakeFiles/dino.dir/home/dino/projects/pico/pico-sdk/src/rp2_common/pico_float/float_aeabi.S.obj
 *(.preinit_array)
                0x0000000020000268                PROVIDE (__preinit_array_end = .)
                0x0000000020000268                . = ALIGN (0x4)
                0x0000000020000268                PROVIDE (__init_array_start = .)
 *(SORT_BY_NAME(.init_array.*))
 *(.init_array)
 .init_array    0x0000000020000268        0x4 /usr/lib/gcc/arm-none-eabi/9.2.1/thumb/v6-m/nofp/crtbegin.o
                0x000000002000026c                PROVIDE (__init_array_end = .)
                0x000000002000026c                . = ALIGN (0x4)
                0x000000002000026c                PROVIDE (__fini_array_start = .)
 *(SORT_BY_NAME(.fini_array.*))
 *(.fini_array)
                0x000000002000026c                PROVIDE (__fini_array_end = .)
 *(.jcr)
                0x000000002000026c                . = ALIGN (0x4)
                0x000000002000026c                __data_end__ = .

.tm_clone_table
                0x000000002000026c        0x0 load address 0x00000000100051e0
 .tm_clone_table
                0x000000002000026c        0x0 /usr/lib/gcc/arm-none-eabi/9.2.1/thumb/v6-m/nofp/crtbegin.o
 .tm_clone_table
                0x000000002000026c        0x0 /usr/lib/gcc/arm-none-eabi/9.2.1/thumb/v6-m/nofp/crtend.o

.igot.plt       0x000000002000026c        0x0 load address 0x00000000100051e0
 .igot.plt      0x000000002000026c        0x0 /usr/lib/gcc/arm-none-eabi/9.2.1/thumb/v6-m/nofp/crtbegin.o

.uninitialized_data
                0x000000002000026c        0x0 load address 0x00000000100051e0
                0x000000002000026c                . = ALIGN (0x4)
 *(.uninitialized_data*)

.scratch_x      0x0000000020040000        0x0 load address 0x00000000100051e0
                0x0000000020040000                __scratch_x_start__ = .
 *(.scratch_x.*)
                0x0000000020040000                . = ALIGN (0x4)
                0x0000000020040000                __scratch_x_end__ = .
                0x00000000100051e0                __scratch_x_source__ = LOADADDR (.scratch_x)

.scratch_y      0x0000000020041000        0x0 load address 0x00000000100051e0
                0x0000000020041000                __scratch_y_start__ = .
 *(.scratch_y.*)
                0x0000000020041000                . = ALIGN (0x4)
                0x0000000020041000                __scratch_y_end__ = .
                0x00000000100051e0                __scratch_y_source__ = LOADADDR (.scratch_y)

.bss            0x0000000020000270      0x3c8
                0x0000000020000270                . = ALIGN (0x4)
                0x0000000020000270                __bss_start__ = .
 *(SORT_BY_ALIGNMENT(SORT_BY_NAME(.bss*)))
 .bss.default_alarm_pool_entries
                0x0000000020000270      0x100 CMakeFiles/dino.dir/home/dino/projects/pico/pico-sdk/src/common/pico_time/time.c.obj
 .bss           0x0000000020000370       0x1c /usr/lib/gcc/arm-none-eabi/9.2.1/thumb/v6-m/nofp/crtbegin.o
 .bss.alarm_callbacks
                0x000000002000038c       0x10 CMakeFiles/dino.dir/home/dino/projects/pico/pico-sdk/src/rp2_common/hardware_timer/timer.c.obj
 .bss.configured_freq
                0x000000002000039c       0x28 CMakeFiles/dino.dir/home/dino/projects/pico/pico-sdk/src/rp2_common/hardware_clocks/clocks.c.obj
 .bss.default_alarm_pool_entry_ids_high
                0x00000000200003c4       0x10 CMakeFiles/dino.dir/home/dino/projects/pico/pico-sdk/src/common/pico_time/time.c.obj
 .bss.default_alarm_pool_heap_nodes
                0x00000000200003d4       0x30 CMakeFiles/dino.dir/home/dino/projects/pico/pico-sdk/src/common/pico_time/time.c.obj
 .bss.drivers   0x0000000020000404        0x4 CMakeFiles/dino.dir/home/dino/projects/pico/pico-sdk/src/rp2_common/pico_stdio/stdio.c.obj
 .bss.filter    0x0000000020000408        0x4 CMakeFiles/dino.dir/home/dino/projects/pico/pico-sdk/src/rp2_common/pico_stdio/stdio.c.obj
 .bss.pools     0x000000002000040c       0x10 CMakeFiles/dino.dir/home/dino/projects/pico/pico-sdk/src/common/pico_time/time.c.obj
 .bss.sf_clz_func
                0x000000002000041c        0x4 CMakeFiles/dino.dir/home/dino/projects/pico/pico-sdk/src/rp2_common/pico_double/double_init_rom.c.obj
                0x000000002000041c                sf_clz_func
 .bss.sleep_notifier
                0x0000000020000420        0x4 CMakeFiles/dino.dir/home/dino/projects/pico/pico-sdk/src/common/pico_time/time.c.obj
 .bss.target_hi
                0x0000000020000424       0x10 CMakeFiles/dino.dir/home/dino/projects/pico/pico-sdk/src/rp2_common/hardware_timer/timer.c.obj
 .bss.claimed   0x0000000020000434        0x1 CMakeFiles/dino.dir/home/dino/projects/pico/pico-sdk/src/rp2_common/hardware_timer/timer.c.obj
 .bss.irq_hander_chain_free_slot_head
                0x0000000020000435        0x1 CMakeFiles/dino.dir/home/dino/projects/pico/pico-sdk/src/rp2_common/hardware_irq/irq.c.obj
 .bss.timer_callbacks_pending
                0x0000000020000436        0x1 CMakeFiles/dino.dir/home/dino/projects/pico/pico-sdk/src/rp2_common/hardware_timer/timer.c.obj
 *(COMMON)
 *fill*         0x0000000020000437        0x1 
 COMMON         0x0000000020000438      0x100 CMakeFiles/dino.dir/home/dino/projects/pico/pico-sdk/src/rp2_common/pico_double/double_init_rom.c.obj
                0x0000000020000438                sd_table
 COMMON         0x0000000020000538      0x100 CMakeFiles/dino.dir/home/dino/projects/pico/pico-sdk/src/rp2_common/pico_float/float_init_rom.c.obj
                0x0000000020000538                sf_table
                0x0000000020000638                . = ALIGN (0x4)
                0x0000000020000638                __bss_end__ = .

.heap           0x0000000020000638      0x800
                0x0000000020000638                __end__ = .
                0x0000000020000638                end = __end__
 *(.heap*)
 .heap          0x0000000020000638      0x800 CMakeFiles/dino.dir/home/dino/projects/pico/pico-sdk/src/rp2_common/pico_standard_link/crt0.S.obj
                0x0000000020000e38                __HeapLimit = .

.stack1_dummy   0x0000000020040000        0x0
 *(.stack1*)

.stack_dummy    0x0000000020041000      0x800
 *(.stack*)
 .stack         0x0000000020041000      0x800 CMakeFiles/dino.dir/home/dino/projects/pico/pico-sdk/src/rp2_common/pico_standard_link/crt0.S.obj

.flash_end      0x00000000100051e0        0x0
                0x00000000100051e0                __flash_binary_end = .
                0x0000000020040000                __StackLimit = (ORIGIN (RAM) + LENGTH (RAM))
                0x0000000020041000                __StackOneTop = (ORIGIN (SCRATCH_X) + LENGTH (SCRATCH_X))
                0x0000000020042000                __StackTop = (ORIGIN (SCRATCH_Y) + LENGTH (SCRATCH_Y))
                0x0000000020041000                __StackOneBottom = (__StackOneTop - SIZEOF (.stack1_dummy))
                0x0000000020041800                __StackBottom = (__StackTop - SIZEOF (.stack_dummy))
                0x0000000020042000                PROVIDE (__stack = __StackTop)
                0x0000000000000001                ASSERT ((__StackLimit >= __HeapLimit), region RAM overflowed)
                0x0000000000000001                ASSERT (((__binary_info_header_end - __logical_binary_start) <= 0x100), Binary info must be in first 256 bytes of the binary)
LOAD CMakeFiles/dino.dir/dino.c.obj
LOAD CMakeFiles/dino.dir/home/dino/projects/pico/pico-sdk/src/rp2_common/pico_stdlib/stdlib.c.obj
LOAD CMakeFiles/dino.dir/home/dino/projects/pico/pico-sdk/src/rp2_common/hardware_gpio/gpio.c.obj
LOAD CMakeFiles/dino.dir/home/dino/projects/pico/pico-sdk/src/rp2_common/hardware_claim/claim.c.obj
LOAD CMakeFiles/dino.dir/home/dino/projects/pico/pico-sdk/src/rp2_common/pico_platform/platform.c.obj
LOAD CMakeFiles/dino.dir/home/dino/projects/pico/pico-sdk/src/rp2_common/hardware_sync/sync.c.obj
LOAD CMakeFiles/dino.dir/home/dino/projects/pico/pico-sdk/src/rp2_common/hardware_irq/irq.c.obj
LOAD CMakeFiles/dino.dir/home/dino/projects/pico/pico-sdk/src/rp2_common/hardware_irq/irq_handler_chain.S.obj
LOAD CMakeFiles/dino.dir/home/dino/projects/pico/pico-sdk/src/common/pico_sync/sem.c.obj
LOAD CMakeFiles/dino.dir/home/dino/projects/pico/pico-sdk/src/common/pico_sync/lock_core.c.obj
LOAD CMakeFiles/dino.dir/home/dino/projects/pico/pico-sdk/src/common/pico_time/time.c.obj
LOAD CMakeFiles/dino.dir/home/dino/projects/pico/pico-sdk/src/common/pico_time/timeout_helper.c.obj
LOAD CMakeFiles/dino.dir/home/dino/projects/pico/pico-sdk/src/rp2_common/hardware_timer/timer.c.obj
LOAD CMakeFiles/dino.dir/home/dino/projects/pico/pico-sdk/src/common/pico_util/datetime.c.obj
LOAD CMakeFiles/dino.dir/home/dino/projects/pico/pico-sdk/src/common/pico_util/pheap.c.obj
LOAD CMakeFiles/dino.dir/home/dino/projects/pico/pico-sdk/src/common/pico_util/queue.c.obj
LOAD CMakeFiles/dino.dir/home/dino/projects/pico/pico-sdk/src/common/pico_sync/mutex.c.obj
LOAD CMakeFiles/dino.dir/home/dino/projects/pico/pico-sdk/src/common/pico_sync/critical_section.c.obj
LOAD CMakeFiles/dino.dir/home/dino/projects/pico/pico-sdk/src/rp2_common/hardware_uart/uart.c.obj
LOAD CMakeFiles/dino.dir/home/dino/projects/pico/pico-sdk/src/rp2_common/hardware_divider/divider.S.obj
LOAD CMakeFiles/dino.dir/home/dino/projects/pico/pico-sdk/src/rp2_common/pico_runtime/runtime.c.obj
LOAD CMakeFiles/dino.dir/home/dino/projects/pico/pico-sdk/src/rp2_common/hardware_clocks/clocks.c.obj
LOAD CMakeFiles/dino.dir/home/dino/projects/pico/pico-sdk/src/rp2_common/hardware_pll/pll.c.obj
LOAD CMakeFiles/dino.dir/home/dino/projects/pico/pico-sdk/src/rp2_common/hardware_vreg/vreg.c.obj
LOAD CMakeFiles/dino.dir/home/dino/projects/pico/pico-sdk/src/rp2_common/hardware_watchdog/watchdog.c.obj
LOAD CMakeFiles/dino.dir/home/dino/projects/pico/pico-sdk/src/rp2_common/hardware_xosc/xosc.c.obj
LOAD CMakeFiles/dino.dir/home/dino/projects/pico/pico-sdk/src/rp2_common/pico_printf/printf.c.obj
LOAD CMakeFiles/dino.dir/home/dino/projects/pico/pico-sdk/src/rp2_common/pico_bit_ops/bit_ops_aeabi.S.obj
LOAD CMakeFiles/dino.dir/home/dino/projects/pico/pico-sdk/src/rp2_common/pico_bootrom/bootrom.c.obj
LOAD CMakeFiles/dino.dir/home/dino/projects/pico/pico-sdk/src/rp2_common/pico_divider/divider.S.obj
LOAD CMakeFiles/dino.dir/home/dino/projects/pico/pico-sdk/src/rp2_common/pico_double/double_aeabi.S.obj
LOAD CMakeFiles/dino.dir/home/dino/projects/pico/pico-sdk/src/rp2_common/pico_double/double_init_rom.c.obj
LOAD CMakeFiles/dino.dir/home/dino/projects/pico/pico-sdk/src/rp2_common/pico_double/double_math.c.obj
LOAD CMakeFiles/dino.dir/home/dino/projects/pico/pico-sdk/src/rp2_common/pico_double/double_v1_rom_shim.S.obj
LOAD CMakeFiles/dino.dir/home/dino/projects/pico/pico-sdk/src/rp2_common/pico_int64_ops/pico_int64_ops_aeabi.S.obj
LOAD CMakeFiles/dino.dir/home/dino/projects/pico/pico-sdk/src/rp2_common/pico_float/float_aeabi.S.obj
LOAD CMakeFiles/dino.dir/home/dino/projects/pico/pico-sdk/src/rp2_common/pico_float/float_init_rom.c.obj
LOAD CMakeFiles/dino.dir/home/dino/projects/pico/pico-sdk/src/rp2_common/pico_float/float_math.c.obj
LOAD CMakeFiles/dino.dir/home/dino/projects/pico/pico-sdk/src/rp2_common/pico_float/float_v1_rom_shim.S.obj
LOAD CMakeFiles/dino.dir/home/dino/projects/pico/pico-sdk/src/rp2_common/pico_malloc/pico_malloc.c.obj
LOAD CMakeFiles/dino.dir/home/dino/projects/pico/pico-sdk/src/rp2_common/pico_mem_ops/mem_ops_aeabi.S.obj
LOAD CMakeFiles/dino.dir/home/dino/projects/pico/pico-sdk/src/rp2_common/pico_standard_link/crt0.S.obj
LOAD CMakeFiles/dino.dir/home/dino/projects/pico/pico-sdk/src/rp2_common/pico_standard_link/new_delete.cpp.obj
LOAD CMakeFiles/dino.dir/home/dino/projects/pico/pico-sdk/src/rp2_common/pico_standard_link/binary_info.c.obj
LOAD CMakeFiles/dino.dir/home/dino/projects/pico/pico-sdk/src/rp2_common/pico_stdio/stdio.c.obj
LOAD CMakeFiles/dino.dir/home/dino/projects/pico/pico-sdk/src/rp2_common/pico_stdio_uart/stdio_uart.c.obj
LOAD /tmp/ccs4kDkU.o
LOAD /usr/lib/gcc/arm-none-eabi/9.2.1/../../../arm-none-eabi/lib/thumb/v6-m/nofp/libstdc++.a
LOAD /usr/lib/gcc/arm-none-eabi/9.2.1/../../../arm-none-eabi/lib/thumb/v6-m/nofp/libm.a
START GROUP
LOAD /usr/lib/gcc/arm-none-eabi/9.2.1/thumb/v6-m/nofp/libgcc.a
LOAD /usr/lib/gcc/arm-none-eabi/9.2.1/../../../arm-none-eabi/lib/thumb/v6-m/nofp/libg.a
LOAD /usr/lib/gcc/arm-none-eabi/9.2.1/../../../arm-none-eabi/lib/thumb/v6-m/nofp/libc.a
END GROUP
START GROUP
LOAD /usr/lib/gcc/arm-none-eabi/9.2.1/thumb/v6-m/nofp/libgcc.a
LOAD /usr/lib/gcc/arm-none-eabi/9.2.1/../../../arm-none-eabi/lib/thumb/v6-m/nofp/libc.a
LOAD /usr/lib/gcc/arm-none-eabi/9.2.1/../../../arm-none-eabi/lib/thumb/v6-m/nofp/libnosys.a
END GROUP
LOAD /usr/lib/gcc/arm-none-eabi/9.2.1/thumb/v6-m/nofp/crtend.o
LOAD /usr/lib/gcc/arm-none-eabi/9.2.1/thumb/v6-m/nofp/crtn.o
OUTPUT(dino.elf elf32-littlearm)
LOAD linker stubs

.ARM.attributes
                0x0000000000000000       0x28
 .ARM.attributes
                0x0000000000000000       0x1e /usr/lib/gcc/arm-none-eabi/9.2.1/thumb/v6-m/nofp/crti.o
 .ARM.attributes
                0x000000000000001e       0x2c /usr/lib/gcc/arm-none-eabi/9.2.1/thumb/v6-m/nofp/crtbegin.o
 .ARM.attributes
                0x000000000000004a       0x2c CMakeFiles/dino.dir/dino.c.obj
 .ARM.attributes
                0x0000000000000076       0x2c CMakeFiles/dino.dir/home/dino/projects/pico/pico-sdk/src/rp2_common/hardware_gpio/gpio.c.obj
 .ARM.attributes
                0x00000000000000a2       0x2c CMakeFiles/dino.dir/home/dino/projects/pico/pico-sdk/src/rp2_common/hardware_claim/claim.c.obj
 .ARM.attributes
                0x00000000000000ce       0x2c CMakeFiles/dino.dir/home/dino/projects/pico/pico-sdk/src/rp2_common/pico_platform/platform.c.obj
 .ARM.attributes
                0x00000000000000fa       0x2c CMakeFiles/dino.dir/home/dino/projects/pico/pico-sdk/src/rp2_common/hardware_sync/sync.c.obj
 .ARM.attributes
                0x0000000000000126       0x2c CMakeFiles/dino.dir/home/dino/projects/pico/pico-sdk/src/rp2_common/hardware_irq/irq.c.obj
 .ARM.attributes
                0x0000000000000152       0x22 CMakeFiles/dino.dir/home/dino/projects/pico/pico-sdk/src/rp2_common/hardware_irq/irq_handler_chain.S.obj
 .ARM.attributes
                0x0000000000000174       0x2c CMakeFiles/dino.dir/home/dino/projects/pico/pico-sdk/src/common/pico_sync/lock_core.c.obj
 .ARM.attributes
                0x00000000000001a0       0x2c CMakeFiles/dino.dir/home/dino/projects/pico/pico-sdk/src/common/pico_time/time.c.obj
 .ARM.attributes
                0x00000000000001cc       0x2c CMakeFiles/dino.dir/home/dino/projects/pico/pico-sdk/src/rp2_common/hardware_timer/timer.c.obj
 .ARM.attributes
                0x00000000000001f8       0x2c CMakeFiles/dino.dir/home/dino/projects/pico/pico-sdk/src/common/pico_util/pheap.c.obj
 .ARM.attributes
                0x0000000000000224       0x2c CMakeFiles/dino.dir/home/dino/projects/pico/pico-sdk/src/common/pico_sync/mutex.c.obj
 .ARM.attributes
                0x0000000000000250       0x2c CMakeFiles/dino.dir/home/dino/projects/pico/pico-sdk/src/rp2_common/pico_runtime/runtime.c.obj
 .ARM.attributes
                0x000000000000027c       0x2c CMakeFiles/dino.dir/home/dino/projects/pico/pico-sdk/src/rp2_common/hardware_clocks/clocks.c.obj
 .ARM.attributes
                0x00000000000002a8       0x2c CMakeFiles/dino.dir/home/dino/projects/pico/pico-sdk/src/rp2_common/hardware_pll/pll.c.obj
 .ARM.attributes
                0x00000000000002d4       0x2c CMakeFiles/dino.dir/home/dino/projects/pico/pico-sdk/src/rp2_common/hardware_watchdog/watchdog.c.obj
 .ARM.attributes
                0x0000000000000300       0x2c CMakeFiles/dino.dir/home/dino/projects/pico/pico-sdk/src/rp2_common/hardware_xosc/xosc.c.obj
 .ARM.attributes
                0x000000000000032c       0x2c CMakeFiles/dino.dir/home/dino/projects/pico/pico-sdk/src/rp2_common/pico_printf/printf.c.obj
 .ARM.attributes
                0x0000000000000358       0x22 CMakeFiles/dino.dir/home/dino/projects/pico/pico-sdk/src/rp2_common/pico_bit_ops/bit_ops_aeabi.S.obj
 .ARM.attributes
                0x000000000000037a       0x2c CMakeFiles/dino.dir/home/dino/projects/pico/pico-sdk/src/rp2_common/pico_bootrom/bootrom.c.obj
 .ARM.attributes
                0x00000000000003a6       0x22 CMakeFiles/dino.dir/home/dino/projects/pico/pico-sdk/src/rp2_common/pico_divider/divider.S.obj
 .ARM.attributes
                0x00000000000003c8       0x22 CMakeFiles/dino.dir/home/dino/projects/pico/pico-sdk/src/rp2_common/pico_double/double_aeabi.S.obj
 .ARM.attributes
                0x00000000000003ea       0x2c CMakeFiles/dino.dir/home/dino/projects/pico/pico-sdk/src/rp2_common/pico_double/double_init_rom.c.obj
 .ARM.attributes
                0x0000000000000416       0x22 CMakeFiles/dino.dir/home/dino/projects/pico/pico-sdk/src/rp2_common/pico_double/double_v1_rom_shim.S.obj
 .ARM.attributes
                0x0000000000000438       0x22 CMakeFiles/dino.dir/home/dino/projects/pico/pico-sdk/src/rp2_common/pico_int64_ops/pico_int64_ops_aeabi.S.obj
 .ARM.attributes
                0x000000000000045a       0x22 CMakeFiles/dino.dir/home/dino/projects/pico/pico-sdk/src/rp2_common/pico_float/float_aeabi.S.obj
 .ARM.attributes
                0x000000000000047c       0x2c CMakeFiles/dino.dir/home/dino/projects/pico/pico-sdk/src/rp2_common/pico_float/float_init_rom.c.obj
 .ARM.attributes
                0x00000000000004a8       0x22 CMakeFiles/dino.dir/home/dino/projects/pico/pico-sdk/src/rp2_common/pico_float/float_v1_rom_shim.S.obj
 .ARM.attributes
                0x00000000000004ca       0x22 CMakeFiles/dino.dir/home/dino/projects/pico/pico-sdk/src/rp2_common/pico_mem_ops/mem_ops_aeabi.S.obj
 .ARM.attributes
                0x00000000000004ec       0x22 CMakeFiles/dino.dir/home/dino/projects/pico/pico-sdk/src/rp2_common/pico_standard_link/crt0.S.obj
 .ARM.attributes
                0x000000000000050e       0x32 CMakeFiles/dino.dir/home/dino/projects/pico/pico-sdk/src/rp2_common/pico_standard_link/binary_info.c.obj
 .ARM.attributes
                0x0000000000000540       0x2c CMakeFiles/dino.dir/home/dino/projects/pico/pico-sdk/src/rp2_common/pico_stdio/stdio.c.obj
 .ARM.attributes
                0x000000000000056c       0x22 /tmp/ccs4kDkU.o
 .ARM.attributes
                0x000000000000058e       0x1e /usr/lib/gcc/arm-none-eabi/9.2.1/thumb/v6-m/nofp/libgcc.a(_dvmd_tls.o)
 .ARM.attributes
                0x00000000000005ac       0x2c /usr/lib/gcc/arm-none-eabi/9.2.1/../../../arm-none-eabi/lib/thumb/v6-m/nofp/libg.a(lib_a-strlen-stub.o)
 .ARM.attributes
                0x00000000000005d8       0x2c /usr/lib/gcc/arm-none-eabi/9.2.1/thumb/v6-m/nofp/crtend.o

.comment        0x0000000000000000       0x59
 .comment       0x0000000000000000       0x59 /usr/lib/gcc/arm-none-eabi/9.2.1/thumb/v6-m/nofp/crtbegin.o
                                         0x5a (size before relaxing)
 .comment       0x0000000000000059       0x5a CMakeFiles/dino.dir/dino.c.obj
 .comment       0x0000000000000059       0x5a CMakeFiles/dino.dir/home/dino/projects/pico/pico-sdk/src/rp2_common/hardware_gpio/gpio.c.obj
 .comment       0x0000000000000059       0x5a CMakeFiles/dino.dir/home/dino/projects/pico/pico-sdk/src/rp2_common/hardware_claim/claim.c.obj
 .comment       0x0000000000000059       0x5a CMakeFiles/dino.dir/home/dino/projects/pico/pico-sdk/src/rp2_common/pico_platform/platform.c.obj
 .comment       0x0000000000000059       0x5a CMakeFiles/dino.dir/home/dino/projects/pico/pico-sdk/src/rp2_common/hardware_sync/sync.c.obj
 .comment       0x0000000000000059       0x5a CMakeFiles/dino.dir/home/dino/projects/pico/pico-sdk/src/rp2_common/hardware_irq/irq.c.obj
 .comment       0x0000000000000059       0x5a CMakeFiles/dino.dir/home/dino/projects/pico/pico-sdk/src/common/pico_sync/lock_core.c.obj
 .comment       0x0000000000000059       0x5a CMakeFiles/dino.dir/home/dino/projects/pico/pico-sdk/src/common/pico_time/time.c.obj
 .comment       0x0000000000000059       0x5a CMakeFiles/dino.dir/home/dino/projects/pico/pico-sdk/src/rp2_common/hardware_timer/timer.c.obj
 .comment       0x0000000000000059       0x5a CMakeFiles/dino.dir/home/dino/projects/pico/pico-sdk/src/common/pico_util/pheap.c.obj
 .comment       0x0000000000000059       0x5a CMakeFiles/dino.dir/home/dino/projects/pico/pico-sdk/src/common/pico_sync/mutex.c.obj
 .comment       0x0000000000000059       0x5a CMakeFiles/dino.dir/home/dino/projects/pico/pico-sdk/src/rp2_common/pico_runtime/runtime.c.obj
 .comment       0x0000000000000059       0x5a CMakeFiles/dino.dir/home/dino/projects/pico/pico-sdk/src/rp2_common/hardware_clocks/clocks.c.obj
 .comment       0x0000000000000059       0x5a CMakeFiles/dino.dir/home/dino/projects/pico/pico-sdk/src/rp2_common/hardware_pll/pll.c.obj
 .comment       0x0000000000000059       0x5a CMakeFiles/dino.dir/home/dino/projects/pico/pico-sdk/src/rp2_common/hardware_watchdog/watchdog.c.obj
 .comment       0x0000000000000059       0x5a CMakeFiles/dino.dir/home/dino/projects/pico/pico-sdk/src/rp2_common/hardware_xosc/xosc.c.obj
 .comment       0x0000000000000059       0x5a CMakeFiles/dino.dir/home/dino/projects/pico/pico-sdk/src/rp2_common/pico_printf/printf.c.obj
 .comment       0x0000000000000059       0x5a CMakeFiles/dino.dir/home/dino/projects/pico/pico-sdk/src/rp2_common/pico_bootrom/bootrom.c.obj
 .comment       0x0000000000000059       0x5a CMakeFiles/dino.dir/home/dino/projects/pico/pico-sdk/src/rp2_common/pico_double/double_init_rom.c.obj
 .comment       0x0000000000000059       0x5a CMakeFiles/dino.dir/home/dino/projects/pico/pico-sdk/src/rp2_common/pico_float/float_init_rom.c.obj
 .comment       0x0000000000000059       0x5a CMakeFiles/dino.dir/home/dino/projects/pico/pico-sdk/src/rp2_common/pico_standard_link/binary_info.c.obj
 .comment       0x0000000000000059       0x5a CMakeFiles/dino.dir/home/dino/projects/pico/pico-sdk/src/rp2_common/pico_stdio/stdio.c.obj
 .comment       0x0000000000000059       0x5a /usr/lib/gcc/arm-none-eabi/9.2.1/../../../arm-none-eabi/lib/thumb/v6-m/nofp/libg.a(lib_a-strlen-stub.o)
 .comment       0x0000000000000059       0x5a /usr/lib/gcc/arm-none-eabi/9.2.1/thumb/v6-m/nofp/crtend.o

.debug_info     0x0000000000000000    0x16ffe
 .debug_info    0x0000000000000000      0x63b CMakeFiles/dino.dir/dino.c.obj
 .debug_info    0x000000000000063b     0x16b3 CMakeFiles/dino.dir/home/dino/projects/pico/pico-sdk/src/rp2_common/hardware_gpio/gpio.c.obj
 .debug_info    0x0000000000001cee      0x6a3 CMakeFiles/dino.dir/home/dino/projects/pico/pico-sdk/src/rp2_common/hardware_claim/claim.c.obj
 .debug_info    0x0000000000002391      0x1cb CMakeFiles/dino.dir/home/dino/projects/pico/pico-sdk/src/rp2_common/pico_platform/platform.c.obj
 .debug_info    0x000000000000255c      0x576 CMakeFiles/dino.dir/home/dino/projects/pico/pico-sdk/src/rp2_common/hardware_sync/sync.c.obj
 .debug_info    0x0000000000002ad2     0x1c3b CMakeFiles/dino.dir/home/dino/projects/pico/pico-sdk/src/rp2_common/hardware_irq/irq.c.obj
 .debug_info    0x000000000000470d      0x1e4 CMakeFiles/dino.dir/home/dino/projects/pico/pico-sdk/src/common/pico_sync/lock_core.c.obj
 .debug_info    0x00000000000048f1     0x435e CMakeFiles/dino.dir/home/dino/projects/pico/pico-sdk/src/common/pico_time/time.c.obj
 .debug_info    0x0000000000008c4f     0x10e6 CMakeFiles/dino.dir/home/dino/projects/pico/pico-sdk/src/rp2_common/hardware_timer/timer.c.obj
 .debug_info    0x0000000000009d35     0x1aa5 CMakeFiles/dino.dir/home/dino/projects/pico/pico-sdk/src/common/pico_util/pheap.c.obj
 .debug_info    0x000000000000b7da     0x1feb CMakeFiles/dino.dir/home/dino/projects/pico/pico-sdk/src/common/pico_sync/mutex.c.obj
 .debug_info    0x000000000000d7c5     0x1355 CMakeFiles/dino.dir/home/dino/projects/pico/pico-sdk/src/rp2_common/pico_runtime/runtime.c.obj
 .debug_info    0x000000000000eb1a      0xef9 CMakeFiles/dino.dir/home/dino/projects/pico/pico-sdk/src/rp2_common/hardware_clocks/clocks.c.obj
 .debug_info    0x000000000000fa13      0x517 CMakeFiles/dino.dir/home/dino/projects/pico/pico-sdk/src/rp2_common/hardware_pll/pll.c.obj
 .debug_info    0x000000000000ff2a      0xd7e CMakeFiles/dino.dir/home/dino/projects/pico/pico-sdk/src/rp2_common/hardware_watchdog/watchdog.c.obj
 .debug_info    0x0000000000010ca8      0x1c0 CMakeFiles/dino.dir/home/dino/projects/pico/pico-sdk/src/rp2_common/hardware_xosc/xosc.c.obj
 .debug_info    0x0000000000010e68     0x1fbf CMakeFiles/dino.dir/home/dino/projects/pico/pico-sdk/src/rp2_common/pico_printf/printf.c.obj
 .debug_info    0x0000000000012e27       0x22 CMakeFiles/dino.dir/home/dino/projects/pico/pico-sdk/src/rp2_common/pico_bit_ops/bit_ops_aeabi.S.obj
 .debug_info    0x0000000000012e49      0x258 CMakeFiles/dino.dir/home/dino/projects/pico/pico-sdk/src/rp2_common/pico_bootrom/bootrom.c.obj
 .debug_info    0x00000000000130a1       0x22 CMakeFiles/dino.dir/home/dino/projects/pico/pico-sdk/src/rp2_common/pico_divider/divider.S.obj
 .debug_info    0x00000000000130c3       0x22 CMakeFiles/dino.dir/home/dino/projects/pico/pico-sdk/src/rp2_common/pico_double/double_aeabi.S.obj
 .debug_info    0x00000000000130e5      0xb2a CMakeFiles/dino.dir/home/dino/projects/pico/pico-sdk/src/rp2_common/pico_double/double_init_rom.c.obj
 .debug_info    0x0000000000013c0f       0x22 CMakeFiles/dino.dir/home/dino/projects/pico/pico-sdk/src/rp2_common/pico_double/double_v1_rom_shim.S.obj
 .debug_info    0x0000000000013c31       0x26 CMakeFiles/dino.dir/home/dino/projects/pico/pico-sdk/src/rp2_common/pico_int64_ops/pico_int64_ops_aeabi.S.obj
 .debug_info    0x0000000000013c57       0x22 CMakeFiles/dino.dir/home/dino/projects/pico/pico-sdk/src/rp2_common/pico_float/float_aeabi.S.obj
 .debug_info    0x0000000000013c79      0xb44 CMakeFiles/dino.dir/home/dino/projects/pico/pico-sdk/src/rp2_common/pico_float/float_init_rom.c.obj
 .debug_info    0x00000000000147bd       0x22 CMakeFiles/dino.dir/home/dino/projects/pico/pico-sdk/src/rp2_common/pico_float/float_v1_rom_shim.S.obj
 .debug_info    0x00000000000147df       0x22 CMakeFiles/dino.dir/home/dino/projects/pico/pico-sdk/src/rp2_common/pico_mem_ops/mem_ops_aeabi.S.obj
 .debug_info    0x0000000000014801       0x22 CMakeFiles/dino.dir/home/dino/projects/pico/pico-sdk/src/rp2_common/pico_standard_link/crt0.S.obj
 .debug_info    0x0000000000014823      0x2c6 CMakeFiles/dino.dir/home/dino/projects/pico/pico-sdk/src/rp2_common/pico_standard_link/binary_info.c.obj
 .debug_info    0x0000000000014ae9     0x1b7c CMakeFiles/dino.dir/home/dino/projects/pico/pico-sdk/src/rp2_common/pico_stdio/stdio.c.obj
 .debug_info    0x0000000000016665       0x26 /usr/lib/gcc/arm-none-eabi/9.2.1/thumb/v6-m/nofp/libgcc.a(_dvmd_tls.o)
 .debug_info    0x000000000001668b      0x973 /usr/lib/gcc/arm-none-eabi/9.2.1/../../../arm-none-eabi/lib/thumb/v6-m/nofp/libg.a(lib_a-strlen-stub.o)

.debug_abbrev   0x0000000000000000     0x449a
 .debug_abbrev  0x0000000000000000      0x1b0 CMakeFiles/dino.dir/dino.c.obj
 .debug_abbrev  0x00000000000001b0      0x326 CMakeFiles/dino.dir/home/dino/projects/pico/pico-sdk/src/rp2_common/hardware_gpio/gpio.c.obj
 .debug_abbrev  0x00000000000004d6      0x2e9 CMakeFiles/dino.dir/home/dino/projects/pico/pico-sdk/src/rp2_common/hardware_claim/claim.c.obj
 .debug_abbrev  0x00000000000007bf       0xeb CMakeFiles/dino.dir/home/dino/projects/pico/pico-sdk/src/rp2_common/pico_platform/platform.c.obj
 .debug_abbrev  0x00000000000008aa      0x21b CMakeFiles/dino.dir/home/dino/projects/pico/pico-sdk/src/rp2_common/hardware_sync/sync.c.obj
 .debug_abbrev  0x0000000000000ac5      0x50b CMakeFiles/dino.dir/home/dino/projects/pico/pico-sdk/src/rp2_common/hardware_irq/irq.c.obj
 .debug_abbrev  0x0000000000000fd0      0x138 CMakeFiles/dino.dir/home/dino/projects/pico/pico-sdk/src/common/pico_sync/lock_core.c.obj
 .debug_abbrev  0x0000000000001108      0x628 CMakeFiles/dino.dir/home/dino/projects/pico/pico-sdk/src/common/pico_time/time.c.obj
 .debug_abbrev  0x0000000000001730      0x3b1 CMakeFiles/dino.dir/home/dino/projects/pico/pico-sdk/src/rp2_common/hardware_timer/timer.c.obj
 .debug_abbrev  0x0000000000001ae1      0x3ad CMakeFiles/dino.dir/home/dino/projects/pico/pico-sdk/src/common/pico_util/pheap.c.obj
 .debug_abbrev  0x0000000000001e8e      0x3aa CMakeFiles/dino.dir/home/dino/projects/pico/pico-sdk/src/common/pico_sync/mutex.c.obj
 .debug_abbrev  0x0000000000002238      0x4a1 CMakeFiles/dino.dir/home/dino/projects/pico/pico-sdk/src/rp2_common/pico_runtime/runtime.c.obj
 .debug_abbrev  0x00000000000026d9      0x3b6 CMakeFiles/dino.dir/home/dino/projects/pico/pico-sdk/src/rp2_common/hardware_clocks/clocks.c.obj
 .debug_abbrev  0x0000000000002a8f      0x1ee CMakeFiles/dino.dir/home/dino/projects/pico/pico-sdk/src/rp2_common/hardware_pll/pll.c.obj
 .debug_abbrev  0x0000000000002c7d      0x2cf CMakeFiles/dino.dir/home/dino/projects/pico/pico-sdk/src/rp2_common/hardware_watchdog/watchdog.c.obj
 .debug_abbrev  0x0000000000002f4c      0x109 CMakeFiles/dino.dir/home/dino/projects/pico/pico-sdk/src/rp2_common/hardware_xosc/xosc.c.obj
 .debug_abbrev  0x0000000000003055      0x4a1 CMakeFiles/dino.dir/home/dino/projects/pico/pico-sdk/src/rp2_common/pico_printf/printf.c.obj
 .debug_abbrev  0x00000000000034f6       0x12 CMakeFiles/dino.dir/home/dino/projects/pico/pico-sdk/src/rp2_common/pico_bit_ops/bit_ops_aeabi.S.obj
 .debug_abbrev  0x0000000000003508      0x13b CMakeFiles/dino.dir/home/dino/projects/pico/pico-sdk/src/rp2_common/pico_bootrom/bootrom.c.obj
 .debug_abbrev  0x0000000000003643       0x12 CMakeFiles/dino.dir/home/dino/projects/pico/pico-sdk/src/rp2_common/pico_divider/divider.S.obj
 .debug_abbrev  0x0000000000003655       0x12 CMakeFiles/dino.dir/home/dino/projects/pico/pico-sdk/src/rp2_common/pico_double/double_aeabi.S.obj
 .debug_abbrev  0x0000000000003667      0x2c2 CMakeFiles/dino.dir/home/dino/projects/pico/pico-sdk/src/rp2_common/pico_double/double_init_rom.c.obj
 .debug_abbrev  0x0000000000003929       0x12 CMakeFiles/dino.dir/home/dino/projects/pico/pico-sdk/src/rp2_common/pico_double/double_v1_rom_shim.S.obj
 .debug_abbrev  0x000000000000393b       0x14 CMakeFiles/dino.dir/home/dino/projects/pico/pico-sdk/src/rp2_common/pico_int64_ops/pico_int64_ops_aeabi.S.obj
 .debug_abbrev  0x000000000000394f       0x12 CMakeFiles/dino.dir/home/dino/projects/pico/pico-sdk/src/rp2_common/pico_float/float_aeabi.S.obj
 .debug_abbrev  0x0000000000003961      0x2d5 CMakeFiles/dino.dir/home/dino/projects/pico/pico-sdk/src/rp2_common/pico_float/float_init_rom.c.obj
 .debug_abbrev  0x0000000000003c36       0x12 CMakeFiles/dino.dir/home/dino/projects/pico/pico-sdk/src/rp2_common/pico_float/float_v1_rom_shim.S.obj
 .debug_abbrev  0x0000000000003c48       0x12 CMakeFiles/dino.dir/home/dino/projects/pico/pico-sdk/src/rp2_common/pico_mem_ops/mem_ops_aeabi.S.obj
 .debug_abbrev  0x0000000000003c5a       0x12 CMakeFiles/dino.dir/home/dino/projects/pico/pico-sdk/src/rp2_common/pico_standard_link/crt0.S.obj
 .debug_abbrev  0x0000000000003c6c       0xad CMakeFiles/dino.dir/home/dino/projects/pico/pico-sdk/src/rp2_common/pico_standard_link/binary_info.c.obj
 .debug_abbrev  0x0000000000003d19      0x585 CMakeFiles/dino.dir/home/dino/projects/pico/pico-sdk/src/rp2_common/pico_stdio/stdio.c.obj
 .debug_abbrev  0x000000000000429e       0x14 /usr/lib/gcc/arm-none-eabi/9.2.1/thumb/v6-m/nofp/libgcc.a(_dvmd_tls.o)
 .debug_abbrev  0x00000000000042b2      0x1e8 /usr/lib/gcc/arm-none-eabi/9.2.1/../../../arm-none-eabi/lib/thumb/v6-m/nofp/libg.a(lib_a-strlen-stub.o)

.debug_loc      0x0000000000000000     0xd00f
 .debug_loc     0x0000000000000000      0x114 CMakeFiles/dino.dir/dino.c.obj
 .debug_loc     0x0000000000000114     0x118d CMakeFiles/dino.dir/home/dino/projects/pico/pico-sdk/src/rp2_common/hardware_gpio/gpio.c.obj
 .debug_loc     0x00000000000012a1      0x45f CMakeFiles/dino.dir/home/dino/projects/pico/pico-sdk/src/rp2_common/hardware_claim/claim.c.obj
 .debug_loc     0x0000000000001700       0xe9 CMakeFiles/dino.dir/home/dino/projects/pico/pico-sdk/src/rp2_common/pico_platform/platform.c.obj
 .debug_loc     0x00000000000017e9      0x233 CMakeFiles/dino.dir/home/dino/projects/pico/pico-sdk/src/rp2_common/hardware_sync/sync.c.obj
 .debug_loc     0x0000000000001a1c     0x13e6 CMakeFiles/dino.dir/home/dino/projects/pico/pico-sdk/src/rp2_common/hardware_irq/irq.c.obj
 .debug_loc     0x0000000000002e02       0x60 CMakeFiles/dino.dir/home/dino/projects/pico/pico-sdk/src/common/pico_sync/lock_core.c.obj
 .debug_loc     0x0000000000002e62     0x2e1d CMakeFiles/dino.dir/home/dino/projects/pico/pico-sdk/src/common/pico_time/time.c.obj
 .debug_loc     0x0000000000005c7f      0x952 CMakeFiles/dino.dir/home/dino/projects/pico/pico-sdk/src/rp2_common/hardware_timer/timer.c.obj
 .debug_loc     0x00000000000065d1     0x1412 CMakeFiles/dino.dir/home/dino/projects/pico/pico-sdk/src/common/pico_util/pheap.c.obj
 .debug_loc     0x00000000000079e3     0x142d CMakeFiles/dino.dir/home/dino/projects/pico/pico-sdk/src/common/pico_sync/mutex.c.obj
 .debug_loc     0x0000000000008e10      0x3ff CMakeFiles/dino.dir/home/dino/projects/pico/pico-sdk/src/rp2_common/pico_runtime/runtime.c.obj
 .debug_loc     0x000000000000920f      0x805 CMakeFiles/dino.dir/home/dino/projects/pico/pico-sdk/src/rp2_common/hardware_clocks/clocks.c.obj
 .debug_loc     0x0000000000009a14      0x31a CMakeFiles/dino.dir/home/dino/projects/pico/pico-sdk/src/rp2_common/hardware_pll/pll.c.obj
 .debug_loc     0x0000000000009d2e      0x2ec CMakeFiles/dino.dir/home/dino/projects/pico/pico-sdk/src/rp2_common/hardware_watchdog/watchdog.c.obj
 .debug_loc     0x000000000000a01a       0x71 CMakeFiles/dino.dir/home/dino/projects/pico/pico-sdk/src/rp2_common/hardware_xosc/xosc.c.obj
 .debug_loc     0x000000000000a08b     0x210c CMakeFiles/dino.dir/home/dino/projects/pico/pico-sdk/src/rp2_common/pico_printf/printf.c.obj
 .debug_loc     0x000000000000c197      0x1a1 CMakeFiles/dino.dir/home/dino/projects/pico/pico-sdk/src/rp2_common/pico_bootrom/bootrom.c.obj
 .debug_loc     0x000000000000c338       0x59 CMakeFiles/dino.dir/home/dino/projects/pico/pico-sdk/src/rp2_common/pico_double/double_init_rom.c.obj
 .debug_loc     0x000000000000c391       0x73 CMakeFiles/dino.dir/home/dino/projects/pico/pico-sdk/src/rp2_common/pico_float/float_init_rom.c.obj
 .debug_loc     0x000000000000c404      0xb7b CMakeFiles/dino.dir/home/dino/projects/pico/pico-sdk/src/rp2_common/pico_stdio/stdio.c.obj
 .debug_loc     0x000000000000cf7f       0x90 /usr/lib/gcc/arm-none-eabi/9.2.1/../../../arm-none-eabi/lib/thumb/v6-m/nofp/libg.a(lib_a-strlen-stub.o)

.debug_aranges  0x0000000000000000      0xd70
 .debug_aranges
                0x0000000000000000       0x20 CMakeFiles/dino.dir/dino.c.obj
 .debug_aranges
                0x0000000000000020      0x100 CMakeFiles/dino.dir/home/dino/projects/pico/pico-sdk/src/rp2_common/hardware_gpio/gpio.c.obj
 .debug_aranges
                0x0000000000000120       0x48 CMakeFiles/dino.dir/home/dino/projects/pico/pico-sdk/src/rp2_common/hardware_claim/claim.c.obj
 .debug_aranges
                0x0000000000000168       0x28 CMakeFiles/dino.dir/home/dino/projects/pico/pico-sdk/src/rp2_common/pico_platform/platform.c.obj
 .debug_aranges
                0x0000000000000190       0x58 CMakeFiles/dino.dir/home/dino/projects/pico/pico-sdk/src/rp2_common/hardware_sync/sync.c.obj
 .debug_aranges
                0x00000000000001e8       0xc8 CMakeFiles/dino.dir/home/dino/projects/pico/pico-sdk/src/rp2_common/hardware_irq/irq.c.obj
 .debug_aranges
                0x00000000000002b0       0x20 CMakeFiles/dino.dir/home/dino/projects/pico/pico-sdk/src/common/pico_sync/lock_core.c.obj
 .debug_aranges
                0x00000000000002d0       0xd0 CMakeFiles/dino.dir/home/dino/projects/pico/pico-sdk/src/common/pico_time/time.c.obj
 .debug_aranges
                0x00000000000003a0       0x78 CMakeFiles/dino.dir/home/dino/projects/pico/pico-sdk/src/rp2_common/hardware_timer/timer.c.obj
 .debug_aranges
                0x0000000000000418       0x78 CMakeFiles/dino.dir/home/dino/projects/pico/pico-sdk/src/common/pico_util/pheap.c.obj
 .debug_aranges
                0x0000000000000490       0x88 CMakeFiles/dino.dir/home/dino/projects/pico/pico-sdk/src/common/pico_sync/mutex.c.obj
 .debug_aranges
                0x0000000000000518       0x60 CMakeFiles/dino.dir/home/dino/projects/pico/pico-sdk/src/rp2_common/pico_runtime/runtime.c.obj
 .debug_aranges
                0x0000000000000578       0x70 CMakeFiles/dino.dir/home/dino/projects/pico/pico-sdk/src/rp2_common/hardware_clocks/clocks.c.obj
 .debug_aranges
                0x00000000000005e8       0x28 CMakeFiles/dino.dir/home/dino/projects/pico/pico-sdk/src/rp2_common/hardware_pll/pll.c.obj
 .debug_aranges
                0x0000000000000610       0x58 CMakeFiles/dino.dir/home/dino/projects/pico/pico-sdk/src/rp2_common/hardware_watchdog/watchdog.c.obj
 .debug_aranges
                0x0000000000000668       0x30 CMakeFiles/dino.dir/home/dino/projects/pico/pico-sdk/src/rp2_common/hardware_xosc/xosc.c.obj
 .debug_aranges
                0x0000000000000698       0x90 CMakeFiles/dino.dir/home/dino/projects/pico/pico-sdk/src/rp2_common/pico_printf/printf.c.obj
 .debug_aranges
                0x0000000000000728       0x68 CMakeFiles/dino.dir/home/dino/projects/pico/pico-sdk/src/rp2_common/pico_bit_ops/bit_ops_aeabi.S.obj
 .debug_aranges
                0x0000000000000790       0x30 CMakeFiles/dino.dir/home/dino/projects/pico/pico-sdk/src/rp2_common/pico_bootrom/bootrom.c.obj
 .debug_aranges
                0x00000000000007c0       0x40 CMakeFiles/dino.dir/home/dino/projects/pico/pico-sdk/src/rp2_common/pico_divider/divider.S.obj
 .debug_aranges
                0x0000000000000800      0x140 CMakeFiles/dino.dir/home/dino/projects/pico/pico-sdk/src/rp2_common/pico_double/double_aeabi.S.obj
 .debug_aranges
                0x0000000000000940       0x20 CMakeFiles/dino.dir/home/dino/projects/pico/pico-sdk/src/rp2_common/pico_double/double_init_rom.c.obj
 .debug_aranges
                0x0000000000000960       0xc8 CMakeFiles/dino.dir/home/dino/projects/pico/pico-sdk/src/rp2_common/pico_double/double_v1_rom_shim.S.obj
 .debug_aranges
                0x0000000000000a28       0x20 CMakeFiles/dino.dir/home/dino/projects/pico/pico-sdk/src/rp2_common/pico_int64_ops/pico_int64_ops_aeabi.S.obj
 .debug_aranges
                0x0000000000000a48      0x130 CMakeFiles/dino.dir/home/dino/projects/pico/pico-sdk/src/rp2_common/pico_float/float_aeabi.S.obj
 .debug_aranges
                0x0000000000000b78       0x20 CMakeFiles/dino.dir/home/dino/projects/pico/pico-sdk/src/rp2_common/pico_float/float_init_rom.c.obj
 .debug_aranges
                0x0000000000000b98       0x50 CMakeFiles/dino.dir/home/dino/projects/pico/pico-sdk/src/rp2_common/pico_float/float_v1_rom_shim.S.obj
 .debug_aranges
                0x0000000000000be8       0x38 CMakeFiles/dino.dir/home/dino/projects/pico/pico-sdk/src/rp2_common/pico_mem_ops/mem_ops_aeabi.S.obj
 .debug_aranges
                0x0000000000000c20       0x28 CMakeFiles/dino.dir/home/dino/projects/pico/pico-sdk/src/rp2_common/pico_standard_link/crt0.S.obj
 .debug_aranges
                0x0000000000000c48       0x18 CMakeFiles/dino.dir/home/dino/projects/pico/pico-sdk/src/rp2_common/pico_standard_link/binary_info.c.obj
 .debug_aranges
                0x0000000000000c60       0xd0 CMakeFiles/dino.dir/home/dino/projects/pico/pico-sdk/src/rp2_common/pico_stdio/stdio.c.obj
 .debug_aranges
                0x0000000000000d30       0x20 /usr/lib/gcc/arm-none-eabi/9.2.1/thumb/v6-m/nofp/libgcc.a(_dvmd_tls.o)
 .debug_aranges
                0x0000000000000d50       0x20 /usr/lib/gcc/arm-none-eabi/9.2.1/../../../arm-none-eabi/lib/thumb/v6-m/nofp/libg.a(lib_a-strlen-stub.o)

.debug_ranges   0x0000000000000000     0x2c40
 .debug_ranges  0x0000000000000000       0x10 CMakeFiles/dino.dir/dino.c.obj
 .debug_ranges  0x0000000000000010      0x150 CMakeFiles/dino.dir/home/dino/projects/pico/pico-sdk/src/rp2_common/hardware_gpio/gpio.c.obj
 .debug_ranges  0x0000000000000160       0xd8 CMakeFiles/dino.dir/home/dino/projects/pico/pico-sdk/src/rp2_common/hardware_claim/claim.c.obj
 .debug_ranges  0x0000000000000238       0x18 CMakeFiles/dino.dir/home/dino/projects/pico/pico-sdk/src/rp2_common/pico_platform/platform.c.obj
 .debug_ranges  0x0000000000000250       0xf0 CMakeFiles/dino.dir/home/dino/projects/pico/pico-sdk/src/rp2_common/hardware_sync/sync.c.obj
 .debug_ranges  0x0000000000000340      0x400 CMakeFiles/dino.dir/home/dino/projects/pico/pico-sdk/src/rp2_common/hardware_irq/irq.c.obj
 .debug_ranges  0x0000000000000740       0x10 CMakeFiles/dino.dir/home/dino/projects/pico/pico-sdk/src/common/pico_sync/lock_core.c.obj
 .debug_ranges  0x0000000000000750      0xbc0 CMakeFiles/dino.dir/home/dino/projects/pico/pico-sdk/src/common/pico_time/time.c.obj
 .debug_ranges  0x0000000000001310      0x320 CMakeFiles/dino.dir/home/dino/projects/pico/pico-sdk/src/rp2_common/hardware_timer/timer.c.obj
 .debug_ranges  0x0000000000001630      0x230 CMakeFiles/dino.dir/home/dino/projects/pico/pico-sdk/src/common/pico_util/pheap.c.obj
 .debug_ranges  0x0000000000001860      0xab8 CMakeFiles/dino.dir/home/dino/projects/pico/pico-sdk/src/common/pico_sync/mutex.c.obj
 .debug_ranges  0x0000000000002318       0x80 CMakeFiles/dino.dir/home/dino/projects/pico/pico-sdk/src/rp2_common/pico_runtime/runtime.c.obj
 .debug_ranges  0x0000000000002398       0x60 CMakeFiles/dino.dir/home/dino/projects/pico/pico-sdk/src/rp2_common/hardware_clocks/clocks.c.obj
 .debug_ranges  0x00000000000023f8       0x30 CMakeFiles/dino.dir/home/dino/projects/pico/pico-sdk/src/rp2_common/hardware_pll/pll.c.obj
 .debug_ranges  0x0000000000002428       0x48 CMakeFiles/dino.dir/home/dino/projects/pico/pico-sdk/src/rp2_common/hardware_watchdog/watchdog.c.obj